 test_last

 Timestamp is 5523f545 (Tue Apr 07 23:18:29 2015)

 Preferred load address is 10000000

 Start         Length     Name                   Class
 0001:00000000 00015eaaH .text                   CODE
 0002:00000000 00001901H .rdata                  DATA
 0002:00001910 00000047H .edata                  DATA
 0003:00000000 00000004H .CRT$XCA                DATA
 0003:00000004 00000004H .CRT$XCZ                DATA
 0003:00000008 00000004H .CRT$XIA                DATA
 0003:0000000c 00000008H .CRT$XIC                DATA
 0003:00000014 00000004H .CRT$XIZ                DATA
 0003:00000018 00000004H .CRT$XPA                DATA
 0003:0000001c 00000004H .CRT$XPX                DATA
 0003:00000020 00000004H .CRT$XPZ                DATA
 0003:00000024 00000004H .CRT$XTA                DATA
 0003:00000028 00000004H .CRT$XTZ                DATA
 0003:00000030 000034c8H .data                   DATA
 0003:000034f8 00001b68H .bss                    DATA
 0004:00000000 00000014H .idata$2                DATA
 0004:00000014 00000014H .idata$3                DATA
 0004:00000028 0000012cH .idata$4                DATA
 0004:00000154 0000012cH .idata$5                DATA
 0004:00000280 0000054aH .idata$6                DATA

  Address         Publics by Value              Rva+Base     Lib:Object

 0001:00000000       _change                    10001000 f   code.obj
 0001:00001f70       __CRT_INIT@12              10002f70 f   LIBCMTD:dllcrt0.obj
 0001:000020b0       __DllMainCRTStartup@12     100030b0 f   LIBCMTD:dllcrt0.obj
 0001:000021b0       __amsg_exit                100031b0 f   LIBCMTD:dllcrt0.obj
 0001:000021f0       __cinit                    100031f0 f   LIBCMTD:crt0dat.obj
 0001:00002230       _exit                      10003230 f   LIBCMTD:crt0dat.obj
 0001:00002250       __exit                     10003250 f   LIBCMTD:crt0dat.obj
 0001:00002270       __cexit                    10003270 f   LIBCMTD:crt0dat.obj
 0001:00002290       __c_exit                   10003290 f   LIBCMTD:crt0dat.obj
 0001:000023a0       __lockexit                 100033a0 f   LIBCMTD:crt0dat.obj
 0001:000023b0       __unlockexit               100033b0 f   LIBCMTD:crt0dat.obj
 0001:000023f0       __mtinit                   100033f0 f   LIBCMTD:tidtable.obj
 0001:00002480       __mtterm                   10003480 f   LIBCMTD:tidtable.obj
 0001:000024b0       __initptd                  100034b0 f   LIBCMTD:tidtable.obj
 0001:000024d0       __getptd                   100034d0 f   LIBCMTD:tidtable.obj
 0001:00002570       __freeptd                  10003570 f   LIBCMTD:tidtable.obj
 0001:00002680       ___threadid                10003680 f   LIBCMTD:tidtable.obj
 0001:00002690       ___threadhandle            10003690 f   LIBCMTD:tidtable.obj
 0001:000026a0       __ioinit                   100036a0 f   LIBCMTD:ioinit.obj
 0001:000029d0       __ioterm                   100039d0 f   LIBCMTD:ioinit.obj
 0001:00002a70       _malloc                    10003a70 f   LIBCMTD:dbgheap.obj
 0001:00002aa0       __malloc_dbg               10003aa0 f   LIBCMTD:dbgheap.obj
 0001:00002ad0       __nh_malloc                10003ad0 f   LIBCMTD:dbgheap.obj
 0001:00002af0       __nh_malloc_dbg            10003af0 f   LIBCMTD:dbgheap.obj
 0001:00002b90       __heap_alloc               10003b90 f   LIBCMTD:dbgheap.obj
 0001:00002bb0       __heap_alloc_dbg           10003bb0 f   LIBCMTD:dbgheap.obj
 0001:00002ed0       _calloc                    10003ed0 f   LIBCMTD:dbgheap.obj
 0001:00002f00       __calloc_dbg               10003f00 f   LIBCMTD:dbgheap.obj
 0001:00002f60       _realloc                   10003f60 f   LIBCMTD:dbgheap.obj
 0001:00002f90       __realloc_dbg              10003f90 f   LIBCMTD:dbgheap.obj
 0001:00003540       __expand                   10004540 f   LIBCMTD:dbgheap.obj
 0001:00003570       __expand_dbg               10004570 f   LIBCMTD:dbgheap.obj
 0001:00003600       _free                      10004600 f   LIBCMTD:dbgheap.obj
 0001:00003620       __free_lk                  10004620 f   LIBCMTD:dbgheap.obj
 0001:00003640       __free_dbg                 10004640 f   LIBCMTD:dbgheap.obj
 0001:000036b0       __free_dbg_lk              100046b0 f   LIBCMTD:dbgheap.obj
 0001:00003aa0       __msize                    10004aa0 f   LIBCMTD:dbgheap.obj
 0001:00003ac0       __msize_dbg                10004ac0 f   LIBCMTD:dbgheap.obj
 0001:00003c50       __CrtSetBreakAlloc         10004c50 f   LIBCMTD:dbgheap.obj
 0001:00003c70       __CrtSetDbgBlockType       10004c70 f   LIBCMTD:dbgheap.obj
 0001:00003d50       __CrtSetAllocHook          10004d50 f   LIBCMTD:dbgheap.obj
 0001:00003e00       __CrtCheckMemory           10004e00 f   LIBCMTD:dbgheap.obj
 0001:000041b0       __CrtSetDbgFlag            100051b0 f   LIBCMTD:dbgheap.obj
 0001:000041e0       __CrtDoForAllClientObjects 100051e0 f   LIBCMTD:dbgheap.obj
 0001:00004290       __CrtIsValidPointer        10005290 f   LIBCMTD:dbgheap.obj
 0001:000042e0       __CrtIsValidHeapPointer    100052e0 f   LIBCMTD:dbgheap.obj
 0001:00004410       __CrtIsMemoryBlock         10005410 f   LIBCMTD:dbgheap.obj
 0001:00004540       __CrtSetDumpClient         10005540 f   LIBCMTD:dbgheap.obj
 0001:00004560       __CrtMemCheckpoint         10005560 f   LIBCMTD:dbgheap.obj
 0001:00004710       __CrtMemDifference         10005710 f   LIBCMTD:dbgheap.obj
 0001:00004840       __CrtMemDumpAllObjectsSince 10005840 f   LIBCMTD:dbgheap.obj
 0001:00004c60       __CrtDumpMemoryLeaks       10005c60 f   LIBCMTD:dbgheap.obj
 0001:00004ce0       __CrtMemDumpStatistics     10005ce0 f   LIBCMTD:dbgheap.obj
 0001:00004db0       __setenvp                  10005db0 f   LIBCMTD:stdenvp.obj
 0001:00004f00       __setargv                  10005f00 f   LIBCMTD:stdargv.obj
 0001:00005410       ___crtGetEnvironmentStringsA 10006410 f   LIBCMTD:a_env.obj
 0001:00005630       __GetLinkerVersion         10006630 f   LIBCMTD:heapinit.obj
 0001:00005690       ___heap_select             10006690 f   LIBCMTD:heapinit.obj
 0001:000058c0       __heap_init                100068c0 f   LIBCMTD:heapinit.obj
 0001:00005950       __heap_term                10006950 f   LIBCMTD:heapinit.obj
 0001:00005a40       _DllMain@12                10006a40 f   LIBCMTD:dllmain.obj
 0001:00005a50       __FF_MSGBANNER             10006a50 f   LIBCMTD:crt0msg.obj
 0001:00005aa0       __NMSG_WRITE               10006aa0 f   LIBCMTD:crt0msg.obj
 0001:00005c60       __GET_RTERRMSG             10006c60 f   LIBCMTD:crt0msg.obj
 0001:00005cb0       __mtinitlocks              10006cb0 f   LIBCMTD:mlock.obj
 0001:00005cf0       __mtdeletelocks            10006cf0 f   LIBCMTD:mlock.obj
 0001:00005d90       __lock                     10006d90 f   LIBCMTD:mlock.obj
 0001:00005e30       __unlock                   10006e30 f   LIBCMTD:mlock.obj
 0001:00005e50       __lockerr_exit             10006e50 f   LIBCMTD:mlock.obj
 0001:00005e70       __XcptFilter               10006e70 f   LIBCMTD:winxfltr.obj
 0001:00006090       ?_set_new_handler@@YAP6AHI@ZP6AHI@Z@Z 10007090 f   LIBCMTD:handler.obj
 0001:000060c0       ?_query_new_handler@@YAP6AHI@ZXZ 100070c0 f   LIBCMTD:handler.obj
 0001:000060d0       __callnewh                 100070d0 f   LIBCMTD:handler.obj
 0001:00006100       __global_unwind2           10007100 f   LIBCMTD:exsup.obj
 0001:00006142       __local_unwind2            10007142 f   LIBCMTD:exsup.obj
 0001:0000619a       __NLG_Return2              1000719a f   LIBCMTD:exsup.obj
 0001:000061aa       __abnormal_termination     100071aa f   LIBCMTD:exsup.obj
 0001:000061cd       __NLG_Notify1              100071cd f   LIBCMTD:exsup.obj
 0001:000061d6       __NLG_Notify               100071d6 f   LIBCMTD:exsup.obj
 0001:000061e9       __NLG_Dispatch             100071e9 f   LIBCMTD:exsup.obj
 0001:000061f8       __except_handler3          100071f8 f   LIBCMTD:exsup3.obj
 0001:000062b5       __seh_longjmp_unwind@4     100072b5 f   LIBCMTD:exsup3.obj
 0001:000062d0       _memset                    100072d0 f   LIBCMTD:memset.obj
 0001:00006330       __malloc_base              10007330 f   LIBCMTD:malloc.obj
 0001:00006350       __nh_malloc_base           10007350 f   LIBCMTD:malloc.obj
 0001:000063b0       __heap_alloc_base          100073b0 f   LIBCMTD:malloc.obj
 0001:00006500       __CrtDefaultAllocHook      10007500 f   LIBCMTD:dbghook.obj
 0001:00006510       __CrtDbgBreak              10007510 f   LIBCMTD:dbgrpt.obj
 0001:00006520       __CrtSetReportMode         10007520 f   LIBCMTD:dbgrpt.obj
 0001:00006580       __CrtSetReportFile         10007580 f   LIBCMTD:dbgrpt.obj
 0001:00006600       __CrtSetReportHook         10007600 f   LIBCMTD:dbgrpt.obj
 0001:00006620       __CrtDbgReport             10007620 f   LIBCMTD:dbgrpt.obj
 0001:00006cc0       __expand_base              10007cc0 f   LIBCMTD:expand.obj
 0001:00006ed0       __realloc_base             10007ed0 f   LIBCMTD:realloc.obj
 0001:00007370       __free_base                10008370 f   LIBCMTD:free.obj
 0001:000074c0       __heapchk                  100084c0 f   LIBCMTD:heapchk.obj
 0001:000075d0       __heapset                  100085d0 f   LIBCMTD:heapchk.obj
 0001:000075e0       __get_sbh_threshold        100085e0 f   LIBCMTD:sbheap.obj
 0001:00007610       __set_sbh_threshold        10008610 f   LIBCMTD:sbheap.obj
 0001:00007720       ___sbh_heap_init           10008720 f   LIBCMTD:sbheap.obj
 0001:00007790       ___sbh_find_block          10008790 f   LIBCMTD:sbheap.obj
 0001:000077f0       ___sbh_verify_block        100087f0 f   LIBCMTD:sbheap.obj
 0001:00007850       ___sbh_free_block          10008850 f   LIBCMTD:sbheap.obj
 0001:00007e30       ___sbh_alloc_block         10008e30 f   LIBCMTD:sbheap.obj
 0001:00008370       ___sbh_alloc_new_region    10009370 f   LIBCMTD:sbheap.obj
 0001:00008480       ___sbh_alloc_new_group     10009480 f   LIBCMTD:sbheap.obj
 0001:00008670       ___sbh_resize_block        10009670 f   LIBCMTD:sbheap.obj
 0001:00008c60       ___sbh_heapmin             10009c60 f   LIBCMTD:sbheap.obj
 0001:00008d90       ___sbh_heap_check          10009d90 f   LIBCMTD:sbheap.obj
 0001:000093b0       __get_old_sbh_threshold    1000a3b0 f   LIBCMTD:sbheap.obj
 0001:000093c0       __set_old_sbh_threshold    1000a3c0 f   LIBCMTD:sbheap.obj
 0001:000093f0       ___old_sbh_new_region      1000a3f0 f   LIBCMTD:sbheap.obj
 0001:000095d0       ___old_sbh_release_region  1000a5d0 f   LIBCMTD:sbheap.obj
 0001:00009650       ___old_sbh_decommit_pages  1000a650 f   LIBCMTD:sbheap.obj
 0001:000097b0       ___old_sbh_find_block      1000a7b0 f   LIBCMTD:sbheap.obj
 0001:00009840       ___old_sbh_free_block      1000a840 f   LIBCMTD:sbheap.obj
 0001:000098b0       ___old_sbh_alloc_block     1000a8b0 f   LIBCMTD:sbheap.obj
 0001:00009c70       ___old_sbh_alloc_block_from_page 1000ac70 f   LIBCMTD:sbheap.obj
 0001:00009f20       ___old_sbh_resize_block    1000af20 f   LIBCMTD:sbheap.obj
 0001:0000a090       ___old_sbh_heap_check      1000b090 f   LIBCMTD:sbheap.obj
 0001:0000a2d0       _sprintf                   1000b2d0 f   LIBCMTD:sprintf.obj
 0001:0000a3d0       __isctype                  1000b3d0 f   LIBCMTD:isctype.obj
 0001:0000a490       _strcpy                    1000b490 f   LIBCMTD:strcat.obj
 0001:0000a4a0       _strcat                    1000b4a0 f   LIBCMTD:strcat.obj
 0001:0000a580       _strlen                    1000b580 f   LIBCMTD:strlen.obj
 0001:0000a600       __setmbcp                  1000b600 f   LIBCMTD:mbctype.obj
 0001:0000adc0       __getmbcp                  1000bdc0 f   LIBCMTD:mbctype.obj
 0001:0000ade0       ___initmbctable            1000bde0 f   LIBCMTD:mbctype.obj
 0001:0000ae10       _memcpy                    1000be10 f   LIBCMTD:memcpy.obj
 0001:0000b150       _strtol                    1000c150 f   LIBCMTD:strtol.obj
 0001:0000b4b0       _strtoul                   1000c4b0 f   LIBCMTD:strtol.obj
 0001:0000b4e0       _strchr                    1000c4e0 f   LIBCMTD:strchr.obj
 0001:0000b4e6       ___from_strstr_to_strchr   1000c4e6 f   LIBCMTD:strchr.obj
 0001:0000b5a0       _strstr                    1000c5a0 f   LIBCMTD:strstr.obj
 0001:0000b620       _strncmp                   1000c620 f   LIBCMTD:strncmp.obj
 0001:0000b660       __alloca_probe             1000c660 f   LIBCMTD:chkstk.obj
 0001:0000b660       __chkstk                   1000c660 f   LIBCMTD:chkstk.obj
 0001:0000b690       ___crtMessageBoxA          1000c690 f   LIBCMTD:crtmbox.obj
 0001:0000b750       _strncpy                   1000c750 f   LIBCMTD:strncpy.obj
 0001:0000b850       __itoa                     1000c850 f   LIBCMTD:xtoa.obj
 0001:0000b970       __ltoa                     1000c970 f   LIBCMTD:xtoa.obj
 0001:0000b9b0       __ultoa                    1000c9b0 f   LIBCMTD:xtoa.obj
 0001:0000b9d0       __i64toa                   1000c9d0 f   LIBCMTD:xtoa.obj
 0001:0000bb20       __ui64toa                  1000cb20 f   LIBCMTD:xtoa.obj
 0001:0000bb40       __snprintf                 1000cb40 f   LIBCMTD:snprintf.obj
 0001:0000bc40       __vsnprintf                1000cc40 f   LIBCMTD:vsnprint.obj
 0001:0000bd40       _signal                    1000cd40 f   LIBCMTD:winsig.obj
 0001:0000c010       _raise                     1000d010 f   LIBCMTD:winsig.obj
 0001:0000c2b0       ___fpecode                 1000d2b0 f   LIBCMTD:winsig.obj
 0001:0000c2c0       ___pxcptinfoptrs           1000d2c0 f   LIBCMTD:winsig.obj
 0001:0000c2d0       __dosmaperr                1000d2d0 f   LIBCMTD:dosmap.obj
 0001:0000c370       __errno                    1000d370 f   LIBCMTD:dosmap.obj
 0001:0000c380       ___doserrno                1000d380 f   LIBCMTD:dosmap.obj
 0001:0000c390       _memmove                   1000d390 f   LIBCMTD:memmove.obj
 0001:0000c6d0       __flsbuf                   1000d6d0 f   LIBCMTD:_flsbuf.obj
 0001:0000c950       __output                   1000d950 f   LIBCMTD:output.obj
 0001:0000d880       ___crtGetStringTypeA       1000e880 f   LIBCMTD:a_str.obj
 0001:0000da40       ___crtLCMapStringA         1000ea40 f   LIBCMTD:a_map.obj
 0001:0000dda0       __toupper                  1000eda0 f   LIBCMTD:toupper.obj
 0001:0000ddb0       _toupper                   1000edb0 f   LIBCMTD:toupper.obj
 0001:0000de50       __toupper_lk               1000ee50 f   LIBCMTD:toupper.obj
 0001:0000df80       __aulldiv                  1000ef80 f   LIBCMTD:ulldiv.obj
 0001:0000dff0       __aullrem                  1000eff0 f   LIBCMTD:ullrem.obj
 0001:0000e070       __lseek                    1000f070 f   LIBCMTD:lseek.obj
 0001:0000e100       __lseek_lk                 1000f100 f   LIBCMTD:lseek.obj
 0001:0000e1c0       __write                    1000f1c0 f   LIBCMTD:write.obj
 0001:0000e250       __write_lk                 1000f250 f   LIBCMTD:write.obj
 0001:0000e4d0       __getbuf                   1000f4d0 f   LIBCMTD:_getbuf.obj
 0001:0000e5a0       __isatty                   1000f5a0 f   LIBCMTD:isatty.obj
 0001:0000e5e0       ___initstdio               1000f5e0 f   LIBCMTD:_file.obj
 0001:0000e710       ___endstdio                1000f710 f   LIBCMTD:_file.obj
 0001:0000e730       __lock_file                1000f730 f   LIBCMTD:_file.obj
 0001:0000e770       __lock_file2               1000f770 f   LIBCMTD:_file.obj
 0001:0000e7a0       __unlock_file              1000f7a0 f   LIBCMTD:_file.obj
 0001:0000e7e0       __unlock_file2             1000f7e0 f   LIBCMTD:_file.obj
 0001:0000e810       _wctomb                    1000f810 f   LIBCMTD:wctomb.obj
 0001:0000e890       __wctomb_lk                1000f890 f   LIBCMTD:wctomb.obj
 0001:0000e930       _setlocale                 1000f930 f   LIBCMTD:setlocal.obj
 0001:0000efc0       __expandlocale             1000ffc0 f   LIBCMTD:setlocal.obj
 0001:0000f150       ___init_dummy              10010150 f   LIBCMTD:setlocal.obj
 0001:0000f160       __strcats                  10010160 f   LIBCMTD:setlocal.obj
 0001:0000f1b0       ___lc_strtolc              100101b0 f   LIBCMTD:setlocal.obj
 0001:0000f310       ___lc_lctostr              10010310 f   LIBCMTD:setlocal.obj
 0001:0000f380       __alloc_osfhnd             10010380 f   LIBCMTD:osfinfo.obj
 0001:0000f570       __set_osfhnd               10010570 f   LIBCMTD:osfinfo.obj
 0001:0000f630       __free_osfhnd              10010630 f   LIBCMTD:osfinfo.obj
 0001:0000f710       __get_osfhandle            10010710 f   LIBCMTD:osfinfo.obj
 0001:0000f780       __open_osfhandle           10010780 f   LIBCMTD:osfinfo.obj
 0001:0000f890       __lock_fhandle             10010890 f   LIBCMTD:osfinfo.obj
 0001:0000f920       __unlock_fhandle           10010920 f   LIBCMTD:osfinfo.obj
 0001:0000f950       __fcloseall                10010950 f   LIBCMTD:closeall.obj
 0001:0000fa30       _fflush                    10010a30 f   LIBCMTD:fflush.obj
 0001:0000fa80       __fflush_lk                10010a80 f   LIBCMTD:fflush.obj
 0001:0000fad0       __flush                    10010ad0 f   LIBCMTD:fflush.obj
 0001:0000fb90       __flushall                 10010b90 f   LIBCMTD:fflush.obj
 0001:0000fce0       __fptrap                   10010ce0 f   LIBCMTD:crt0fp.obj
 0001:0000fcf0       ___init_time               10010cf0 f   LIBCMTD:inittime.obj
 0001:00010670       ___init_numeric            10011670 f   LIBCMTD:initnum.obj
 0001:000109a0       ___init_monetary           100119a0 f   LIBCMTD:initmon.obj
 0001:00010e00       ___init_ctype              10011e00 f   LIBCMTD:initctyp.obj
 0001:000111a0       ___init_collate            100121a0 f   LIBCMTD:initcoll.obj
 0001:000111b0       _strcmp                    100121b0 f   LIBCMTD:strcmp.obj
 0001:00011240       _strcspn                   10012240 f   LIBCMTD:strcspn.obj
 0001:00011280       _strpbrk                   10012280 f   LIBCMTD:strpbrk.obj
 0001:000112c0       ___get_qualified_locale    100122c0 f   LIBCMTD:getqloc.obj
 0001:00012060       _fclose                    10013060 f   LIBCMTD:fclose.obj
 0001:000120f0       __fclose_lk                100130f0 f   LIBCMTD:fclose.obj
 0001:000121b0       __commit                   100131b0 f   LIBCMTD:commit.obj
 0001:00012290       __Getdays                  10013290 f   LIBCMTD:strftime.obj
 0001:000123c0       __Getmonths                100133c0 f   LIBCMTD:strftime.obj
 0001:000124f0       __Gettnames                100134f0 f   LIBCMTD:strftime.obj
 0001:00012860       _strftime                  10013860 f   LIBCMTD:strftime.obj
 0001:00012880       __Strftime                 10013880 f   LIBCMTD:strftime.obj
 0001:000137a0       ___getlocaleinfo           100147a0 f   LIBCMTD:inithelp.obj
 0001:00013a30       _localeconv                10014a30 f   LIBCMTD:lconv.obj
 0001:00013a40       ___crtGetStringTypeW       10014a40 f   LIBCMTD:w_str.obj
 0001:00013cb0       __stricmp                  10014cb0 f   LIBCMTD:stricmp.obj
 0001:00013cb0       __strcmpi                  10014cb0 f   LIBCMTD:stricmp.obj
 0001:00013d80       __strnicmp                 10014d80 f   LIBCMTD:strnicmp.obj
 0001:00013e90       _atol                      10014e90 f   LIBCMTD:atox.obj
 0001:00013f90       _atoi                      10014f90 f   LIBCMTD:atox.obj
 0001:00013fb0       __atoi64                   10014fb0 f   LIBCMTD:atox.obj
 0001:000140e0       __close                    100150e0 f   LIBCMTD:close.obj
 0001:00014160       __close_lk                 10015160 f   LIBCMTD:close.obj
 0001:00014210       __freebuf                  10015210 f   LIBCMTD:_freebuf.obj
 0001:000142b0       ___tzset                   100152b0 f   LIBCMTD:tzset.obj
 0001:000142f0       __tzset                    100152f0 f   LIBCMTD:tzset.obj
 0001:000146c0       __isindst                  100156c0 f   LIBCMTD:tzset.obj
 0001:00014bf0       ___crtGetLocaleInfoW       10015bf0 f   LIBCMTD:w_loc.obj
 0001:00014d90       ___crtGetLocaleInfoA       10015d90 f   LIBCMTD:a_loc.obj
 0001:00014f40       __tolower                  10015f40 f   LIBCMTD:tolower.obj
 0001:00014f50       _tolower                   10015f50 f   LIBCMTD:tolower.obj
 0001:00014ff0       __tolower_lk               10015ff0 f   LIBCMTD:tolower.obj
 0001:00015120       __allmul                   10016120 f   LIBCMTD:llmul.obj
 0001:00015160       _getenv                    10016160 f   LIBCMTD:getenv.obj
 0001:00015190       __getenv_lk                10016190 f   LIBCMTD:getenv.obj
 0001:00015260       __mbsnbicoll               10016260 f   LIBCMTD:mbsnbico.obj
 0001:000152b0       ___wtomb_environ           100162b0 f   LIBCMTD:wtombenv.obj
 0001:00015360       ___crtCompareStringA       10016360 f   LIBCMTD:a_cmp.obj
 0001:000157b0       ___crtsetenv               100167b0 f   LIBCMTD:setenv.obj
 0001:00015c00       __mbschr                   10016c00 f   LIBCMTD:mbschr.obj
 0001:00015cee       _GetCommandLineA@0         10016cee f   kernel32:KERNEL32.dll
 0001:00015cf4       _GetVersion@0              10016cf4 f   kernel32:KERNEL32.dll
 0001:00015cfa       _ExitProcess@4             10016cfa f   kernel32:KERNEL32.dll
 0001:00015d00       _TerminateProcess@8        10016d00 f   kernel32:KERNEL32.dll
 0001:00015d06       _GetCurrentProcess@0       10016d06 f   kernel32:KERNEL32.dll
 0001:00015d0c       _GetCurrentThreadId@0      10016d0c f   kernel32:KERNEL32.dll
 0001:00015d12       _TlsSetValue@8             10016d12 f   kernel32:KERNEL32.dll
 0001:00015d18       _TlsAlloc@0                10016d18 f   kernel32:KERNEL32.dll
 0001:00015d1e       _TlsFree@4                 10016d1e f   kernel32:KERNEL32.dll
 0001:00015d24       _SetLastError@4            10016d24 f   kernel32:KERNEL32.dll
 0001:00015d2a       _TlsGetValue@4             10016d2a f   kernel32:KERNEL32.dll
 0001:00015d30       _GetLastError@0            10016d30 f   kernel32:KERNEL32.dll
 0001:00015d36       _GetCurrentThread@0        10016d36 f   kernel32:KERNEL32.dll
 0001:00015d3c       _SetHandleCount@4          10016d3c f   kernel32:KERNEL32.dll
 0001:00015d42       _GetStdHandle@4            10016d42 f   kernel32:KERNEL32.dll
 0001:00015d48       _GetFileType@4             10016d48 f   kernel32:KERNEL32.dll
 0001:00015d4e       _GetStartupInfoA@4         10016d4e f   kernel32:KERNEL32.dll
 0001:00015d54       _DeleteCriticalSection@4   10016d54 f   kernel32:KERNEL32.dll
 0001:00015d5a       _IsBadWritePtr@8           10016d5a f   kernel32:KERNEL32.dll
 0001:00015d60       _IsBadReadPtr@8            10016d60 f   kernel32:KERNEL32.dll
 0001:00015d66       _HeapValidate@12           10016d66 f   kernel32:KERNEL32.dll
 0001:00015d6c       _GetModuleFileNameA@12     10016d6c f   kernel32:KERNEL32.dll
 0001:00015d72       _FreeEnvironmentStringsA@4 10016d72 f   kernel32:KERNEL32.dll
 0001:00015d78       _FreeEnvironmentStringsW@4 10016d78 f   kernel32:KERNEL32.dll
 0001:00015d7e       _WideCharToMultiByte@32    10016d7e f   kernel32:KERNEL32.dll
 0001:00015d84       _GetEnvironmentStrings@0   10016d84 f   kernel32:KERNEL32.dll
 0001:00015d8a       _GetEnvironmentStringsW@0  10016d8a f   kernel32:KERNEL32.dll
 0001:00015d90       _GetModuleHandleA@4        10016d90 f   kernel32:KERNEL32.dll
 0001:00015d96       _GetEnvironmentVariableA@12 10016d96 f   kernel32:KERNEL32.dll
 0001:00015d9c       _GetVersionExA@4           10016d9c f   kernel32:KERNEL32.dll
 0001:00015da2       _HeapDestroy@4             10016da2 f   kernel32:KERNEL32.dll
 0001:00015da8       _HeapCreate@12             10016da8 f   kernel32:KERNEL32.dll
 0001:00015dae       _HeapFree@12               10016dae f   kernel32:KERNEL32.dll
 0001:00015db4       _VirtualFree@12            10016db4 f   kernel32:KERNEL32.dll
 0001:00015dba       _WriteFile@20              10016dba f   kernel32:KERNEL32.dll
 0001:00015dc0       _InitializeCriticalSection@4 10016dc0 f   kernel32:KERNEL32.dll
 0001:00015dc6       _EnterCriticalSection@4    10016dc6 f   kernel32:KERNEL32.dll
 0001:00015dcc       _LeaveCriticalSection@4    10016dcc f   kernel32:KERNEL32.dll
 0001:00015dd2       _FatalAppExitA@8           10016dd2 f   kernel32:KERNEL32.dll
 0001:00015dd8       _UnhandledExceptionFilter@4 10016dd8 f   kernel32:KERNEL32.dll
 0001:00015dde       _RtlUnwind@16              10016dde f   kernel32:KERNEL32.dll
 0001:00015de4       _HeapAlloc@12              10016de4 f   kernel32:KERNEL32.dll
 0001:00015dea       _DebugBreak@0              10016dea f   kernel32:KERNEL32.dll
 0001:00015df0       _InterlockedDecrement@4    10016df0 f   kernel32:KERNEL32.dll
 0001:00015df6       _OutputDebugStringA@4      10016df6 f   kernel32:KERNEL32.dll
 0001:00015dfc       _GetProcAddress@8          10016dfc f   kernel32:KERNEL32.dll
 0001:00015e02       _LoadLibraryA@4            10016e02 f   kernel32:KERNEL32.dll
 0001:00015e08       _InterlockedIncrement@4    10016e08 f   kernel32:KERNEL32.dll
 0001:00015e0e       _HeapReAlloc@16            10016e0e f   kernel32:KERNEL32.dll
 0001:00015e14       _VirtualAlloc@16           10016e14 f   kernel32:KERNEL32.dll
 0001:00015e1a       _GetCPInfo@8               10016e1a f   kernel32:KERNEL32.dll
 0001:00015e20       _GetACP@0                  10016e20 f   kernel32:KERNEL32.dll
 0001:00015e26       _GetOEMCP@0                10016e26 f   kernel32:KERNEL32.dll
 0001:00015e2c       _SetConsoleCtrlHandler@8   10016e2c f   kernel32:KERNEL32.dll
 0001:00015e32       _MultiByteToWideChar@24    10016e32 f   kernel32:KERNEL32.dll
 0001:00015e38       _GetStringTypeA@20         10016e38 f   kernel32:KERNEL32.dll
 0001:00015e3e       _GetStringTypeW@16         10016e3e f   kernel32:KERNEL32.dll
 0001:00015e44       _LCMapStringA@24           10016e44 f   kernel32:KERNEL32.dll
 0001:00015e4a       _LCMapStringW@24           10016e4a f   kernel32:KERNEL32.dll
 0001:00015e50       _SetFilePointer@16         10016e50 f   kernel32:KERNEL32.dll
 0001:00015e56       _Sleep@4                   10016e56 f   kernel32:KERNEL32.dll
 0001:00015e5c       _SetStdHandle@8            10016e5c f   kernel32:KERNEL32.dll
 0001:00015e62       _IsValidLocale@8           10016e62 f   kernel32:KERNEL32.dll
 0001:00015e68       _IsValidCodePage@4         10016e68 f   kernel32:KERNEL32.dll
 0001:00015e6e       _GetLocaleInfoA@16         10016e6e f   kernel32:KERNEL32.dll
 0001:00015e74       _EnumSystemLocalesA@8      10016e74 f   kernel32:KERNEL32.dll
 0001:00015e7a       _GetUserDefaultLCID@0      10016e7a f   kernel32:KERNEL32.dll
 0001:00015e80       _FlushFileBuffers@4        10016e80 f   kernel32:KERNEL32.dll
 0001:00015e86       _CloseHandle@4             10016e86 f   kernel32:KERNEL32.dll
 0001:00015e8c       _GetTimeZoneInformation@4  10016e8c f   kernel32:KERNEL32.dll
 0001:00015e92       _GetLocaleInfoW@16         10016e92 f   kernel32:KERNEL32.dll
 0001:00015e98       _CompareStringA@24         10016e98 f   kernel32:KERNEL32.dll
 0001:00015e9e       _CompareStringW@24         10016e9e f   kernel32:KERNEL32.dll
 0001:00015ea4       _SetEnvironmentVariableA@8 10016ea4 f   kernel32:KERNEL32.dll
 0002:0000001c       ??_C@_0L@ENLJ@tidtable?4c?$AA@ 1001701c     LIBCMTD:tidtable.obj
 0002:00000028       ??_C@_08KFDJ@ioinit?4c?$AA@ 10017028     LIBCMTD:ioinit.obj
 0002:00000034       ??_C@_06DPMO@Client?$AA@   10017034     LIBCMTD:dbgheap.obj
 0002:0000003c       ??_C@_06BAFM@Ignore?$AA@   1001703c     LIBCMTD:dbgheap.obj
 0002:00000044       ??_C@_03DICE@CRT?$AA@      10017044     LIBCMTD:dbgheap.obj
 0002:00000048       ??_C@_06BILL@Normal?$AA@   10017048     LIBCMTD:dbgheap.obj
 0002:00000050       ??_C@_04NEN@Free?$AA@      10017050     LIBCMTD:dbgheap.obj
 0002:00000064       ??_C@_0DC@CGID@Error?3?5memory?5allocation?3?5bad?5me@ 10017064     LIBCMTD:dbgheap.obj
 0002:00000098       ??_C@_0CE@FMIA@Invalid?5allocation?5size?3?5?$CFu?5byte@ 10017098     LIBCMTD:dbgheap.obj
 0002:000000bc       ??_C@_02DILL@?$CFs?$AA@    100170bc     LIBCMTD:dbgheap.obj
 0002:000000c0       ??_C@_0CB@CPBI@Client?5hook?5allocation?5failure?4?6@ 100170c0     LIBCMTD:dbgheap.obj
 0002:000000e4       ??_C@_0DF@DKHF@Client?5hook?5allocation?5failure?5a@ 100170e4     LIBCMTD:dbgheap.obj
 0002:0000011c       ??_C@_09IMJC@dbgheap?4c?$AA@ 1001711c     LIBCMTD:dbgheap.obj
 0002:00000128       ??_C@_0BC@EPKL@_CrtCheckMemory?$CI?$CJ?$AA@ 10017128     LIBCMTD:dbgheap.obj
 0002:0000014c       ??_C@_0BK@JDHA@_pFirstBlock?5?$DN?$DN?5pOldBlock?$AA@ 1001714c     LIBCMTD:dbgheap.obj
 0002:00000168       ??_C@_0BJ@NMEF@_pLastBlock?5?$DN?$DN?5pOldBlock?$AA@ 10017168     LIBCMTD:dbgheap.obj
 0002:00000184       ??_C@_0DC@BOCN@fRealloc?5?$HM?$HM?5?$CI?$CBfRealloc?5?$CG?$CG?5pNewBl@ 10017184     LIBCMTD:dbgheap.obj
 0002:000001b8       ??_C@_0DK@DKOM@_BLOCK_TYPE?$CIpOldBlock?9?$DOnBlockUse@ 100171b8     LIBCMTD:dbgheap.obj
 0002:000001f4       ??_C@_0EF@EDKM@pOldBlock?9?$DOnLine?5?$DN?$DN?5IGNORE_LINE?5@ 100171f4     LIBCMTD:dbgheap.obj
 0002:0000023c       ??_C@_0CC@GPMO@_CrtIsValidHeapPointer?$CIpUserData@ 1001723c     LIBCMTD:dbgheap.obj
 0002:00000260       ??_C@_0CN@FHGE@Allocation?5too?5large?5or?5negative@ 10017260     LIBCMTD:dbgheap.obj
 0002:00000290       ??_C@_0CE@EAMN@Client?5hook?5re?9allocation?5failur@ 10017290     LIBCMTD:dbgheap.obj
 0002:000002b4       ??_C@_0DI@KKMM@Client?5hook?5re?9allocation?5failur@ 100172b4     LIBCMTD:dbgheap.obj
 0002:0000030c       ??_C@_0BG@JCEC@_pFirstBlock?5?$DN?$DN?5pHead?$AA@ 1001730c     LIBCMTD:dbgheap.obj
 0002:00000324       ??_C@_0BF@NLNN@_pLastBlock?5?$DN?$DN?5pHead?$AA@ 10017324     LIBCMTD:dbgheap.obj
 0002:0000033c       ??_C@_0BO@PLHH@pHead?9?$DOnBlockUse?5?$DN?$DN?5nBlockUse?$AA@ 1001733c     LIBCMTD:dbgheap.obj
 0002:0000035c       ??_C@_0DN@KKIO@pHead?9?$DOnLine?5?$DN?$DN?5IGNORE_LINE?5?$CG?$CG?5p@ 1001735c     LIBCMTD:dbgheap.obj
 0002:0000039c       ??_C@_0CK@OJNB@DAMAGE?3?5after?5?$CFhs?5block?5?$CI?$CD?$CFd?$CJ?5at@ 1001739c     LIBCMTD:dbgheap.obj
 0002:000003c8       ??_C@_0CL@IJIL@DAMAGE?3?5before?5?$CFhs?5block?5?$CI?$CD?$CFd?$CJ?5a@ 100173c8     LIBCMTD:dbgheap.obj
 0002:000003f4       ??_C@_0CH@PHOC@_BLOCK_TYPE_IS_VALID?$CIpHead?9?$DOnBlo@ 100173f4     LIBCMTD:dbgheap.obj
 0002:0000041c       ??_C@_0BL@MBNA@Client?5hook?5free?5failure?4?6?$AA@ 1001741c     LIBCMTD:dbgheap.obj
 0002:00000454       ??_C@_0DK@EKKL@memory?5check?5error?5at?50x?$CF08X?5?$DN?50@ 10017454     LIBCMTD:dbgheap.obj
 0002:00000490       ??_C@_0CJ@GCII@?$CFhs?5located?5at?50x?$CF08X?5is?5?$CFu?5byte@ 10017490     LIBCMTD:dbgheap.obj
 0002:000004bc       ??_C@_0CA@EJPI@?$CFhs?5allocated?5at?5file?5?$CFhs?$CI?$CFd?$CJ?4?6?$AA@ 100174bc     LIBCMTD:dbgheap.obj
 0002:000004dc       ??_C@_0CJ@LHHG@DAMAGE?3?5on?5top?5of?5Free?5block?5at?5@ 100174dc     LIBCMTD:dbgheap.obj
 0002:00000508       ??_C@_07GJHM@DAMAGED?$AA@  10017508     LIBCMTD:dbgheap.obj
 0002:00000510       ??_C@_0CL@ODIE@_heapchk?5fails?5with?5unknown?5retu@ 10017510     LIBCMTD:dbgheap.obj
 0002:0000053c       ??_C@_0CC@EHNC@_heapchk?5fails?5with?5_HEAPBADPTR?4@ 1001753c     LIBCMTD:dbgheap.obj
 0002:00000560       ??_C@_0CC@JNDP@_heapchk?5fails?5with?5_HEAPBADEND?4@ 10017560     LIBCMTD:dbgheap.obj
 0002:00000584       ??_C@_0CD@DNMG@_heapchk?5fails?5with?5_HEAPBADNODE@ 10017584     LIBCMTD:dbgheap.obj
 0002:000005a8       ??_C@_0CE@JMCB@_heapchk?5fails?5with?5_HEAPBADBEGI@ 100175a8     LIBCMTD:dbgheap.obj
 0002:000005fc       ??_C@_0CD@MEMI@Bad?5memory?5block?5found?5at?50x?$CF08X@ 100175fc     LIBCMTD:dbgheap.obj
 0002:00000620       ??_C@_0CI@GMAO@_CrtMemCheckPoint?3?5NULL?5state?5po@ 10017620     LIBCMTD:dbgheap.obj
 0002:00000654       ??_C@_0CI@MNAE@_CrtMemDifference?3?5NULL?5state?5po@ 10017654     LIBCMTD:dbgheap.obj
 0002:0000067c       ??_C@_0BH@PKIJ@Object?5dump?5complete?4?6?$AA@ 1001767c     LIBCMTD:dbgheap.obj
 0002:00000694       ??_C@_0DB@DBPF@crt?5block?5at?50x?$CF08X?0?5subtype?5?$CFx?0@ 10017694     LIBCMTD:dbgheap.obj
 0002:000006c8       ??_C@_0CI@JLM@normal?5block?5at?50x?$CF08X?0?5?$CFu?5bytes@ 100176c8     LIBCMTD:dbgheap.obj
 0002:000006f0       ??_C@_0DE@PFEA@client?5block?5at?50x?$CF08X?0?5subtype?5@ 100176f0     LIBCMTD:dbgheap.obj
 0002:00000724       ??_C@_06MBCE@?$HL?$CFld?$HN?5?$AA@ 10017724     LIBCMTD:dbgheap.obj
 0002:0000072c       ??_C@_0L@BLDJ@?$CFhs?$CI?$CFd?$CJ?5?3?5?$AA@ 1001772c     LIBCMTD:dbgheap.obj
 0002:00000738       ??_C@_0BE@FEMA@?$CDFile?5Error?$CD?$CI?$CFd?$CJ?5?3?5?$AA@ 10017738     LIBCMTD:dbgheap.obj
 0002:0000074c       ??_C@_0BE@FPPM@Dumping?5objects?5?9?$DO?6?$AA@ 1001774c     LIBCMTD:dbgheap.obj
 0002:0000076c       ??_C@_0BA@POLM@?5Data?3?5?$DM?$CFs?$DO?5?$CFs?6?$AA@ 1001776c     LIBCMTD:dbgheap.obj
 0002:0000077c       ??_C@_05JLAO@?$CF?42X?5?$AA@ 1001777c     LIBCMTD:dbgheap.obj
 0002:00000784       ??_C@_0BI@KONA@Detected?5memory?5leaks?$CB?6?$AA@ 10017784     LIBCMTD:dbgheap.obj
 0002:0000079c       ??_C@_0BP@LCCN@Total?5allocations?3?5?$CFld?5bytes?4?6?$AA@ 1001779c     LIBCMTD:dbgheap.obj
 0002:000007bc       ??_C@_0CB@COID@Largest?5number?5used?3?5?$CFld?5bytes?4?6@ 100177bc     LIBCMTD:dbgheap.obj
 0002:000007e0       ??_C@_0BO@MEJD@?$CFld?5bytes?5in?5?$CFld?5?$CFhs?5Blocks?4?6?$AA@ 100177e0     LIBCMTD:dbgheap.obj
 0002:00000800       ??_C@_09IGKD@stdenvp?4c?$AA@ 10017800     LIBCMTD:stdenvp.obj
 0002:0000080c       ??_C@_09MPMN@stdargv?4c?$AA@ 1001780c     LIBCMTD:stdargv.obj
 0002:00000818       ??_C@_07BNNE@a_env?4c?$AA@ 10017818     LIBCMTD:a_env.obj
 0002:00000820       ??_C@_0BH@PHHF@__GLOBAL_HEAP_SELECTED?$AA@ 10017820     LIBCMTD:heapinit.obj
 0002:00000838       ??_C@_0BF@BBGL@__MSVCRT_HEAP_SELECT?$AA@ 10017838     LIBCMTD:heapinit.obj
 0002:00000850       ??_C@_0P@GGKG@runtime?5error?5?$AA@ 10017850     LIBCMTD:crt0msg.obj
 0002:00000860       ??_C@_02PIMC@?$AN?6?$AA@   10017860     LIBCMTD:crt0msg.obj
 0002:00000864       ??_C@_0O@DELO@TLOSS?5error?$AN?6?$AA@ 10017864     LIBCMTD:crt0msg.obj
 0002:00000874       ??_C@_0N@OMLL@SING?5error?$AN?6?$AA@ 10017874     LIBCMTD:crt0msg.obj
 0002:00000884       ??_C@_0P@OJAK@DOMAIN?5error?$AN?6?$AA@ 10017884     LIBCMTD:crt0msg.obj
 0002:00000894       ??_C@_0CF@EANP@R6028?$AN?6?9?5unable?5to?5initialize?5he@ 10017894     LIBCMTD:crt0msg.obj
 0002:000008bc       ??_C@_0DF@ECGN@R6027?$AN?6?9?5not?5enough?5space?5for?5lo@ 100178bc     LIBCMTD:crt0msg.obj
 0002:000008f4       ??_C@_0DF@FKAC@R6026?$AN?6?9?5not?5enough?5space?5for?5st@ 100178f4     LIBCMTD:crt0msg.obj
 0002:0000092c       ??_C@_0CG@DPMN@R6025?$AN?6?9?5pure?5virtual?5function?5c@ 1001792c     LIBCMTD:crt0msg.obj
 0002:00000954       ??_C@_0DF@CKIP@R6024?$AN?6?9?5not?5enough?5space?5for?5_o@ 10017954     LIBCMTD:crt0msg.obj
 0002:0000098c       ??_C@_0CJ@GGOE@R6019?$AN?6?9?5unable?5to?5open?5console?5@ 1001798c     LIBCMTD:crt0msg.obj
 0002:000009b8       ??_C@_0CB@LBOB@R6018?$AN?6?9?5unexpected?5heap?5error?$AN?6@ 100179b8     LIBCMTD:crt0msg.obj
 0002:000009dc       ??_C@_0CN@FPEG@R6017?$AN?6?9?5unexpected?5multithread?5@ 100179dc     LIBCMTD:crt0msg.obj
 0002:00000a0c       ??_C@_0CM@OBIC@R6016?$AN?6?9?5not?5enough?5space?5for?5th@ 10017a0c     LIBCMTD:crt0msg.obj
 0002:00000a38       ??_C@_0CB@HPAL@?$AN?6abnormal?5program?5termination?$AN?6@ 10017a38     LIBCMTD:crt0msg.obj
 0002:00000a5c       ??_C@_0CM@JOOB@R6009?$AN?6?9?5not?5enough?5space?5for?5en@ 10017a5c     LIBCMTD:crt0msg.obj
 0002:00000a88       ??_C@_0CK@OIBL@R6008?$AN?6?9?5not?5enough?5space?5for?5ar@ 10017a88     LIBCMTD:crt0msg.obj
 0002:00000ab4       ??_C@_0CF@LKPB@R6002?$AN?6?9?5floating?5point?5not?5load@ 10017ab4     LIBCMTD:crt0msg.obj
 0002:00000adc       ??_C@_0CF@JPDF@Microsoft?5Visual?5C?$CL?$CL?5Runtime?5Lib@ 10017adc     LIBCMTD:crt0msg.obj
 0002:00000b04       ??_C@_02JJJH@?6?6?$AA@     10017b04     LIBCMTD:crt0msg.obj
 0002:00000b08       ??_C@_0BK@DEOK@Runtime?5Error?$CB?6?6Program?3?5?$AA@ 10017b08     LIBCMTD:crt0msg.obj
 0002:00000b24       ??_C@_03NAME@?4?4?4?$AA@   10017b24     LIBCMTD:crt0msg.obj
 0002:00000b28       ??_C@_0BH@NNCD@?$DMprogram?5name?5unknown?$DO?$AA@ 10017b28     LIBCMTD:crt0msg.obj
 0002:00000b40       ??_C@_07PDLA@mlock?4c?$AA@ 10017b40     LIBCMTD:mlock.obj
 0002:00000b60       ??_C@_0BB@BLL@Assertion?5Failed?$AA@ 10017b60     LIBCMTD:dbgrpt.obj
 0002:00000b74       ??_C@_05CKBG@Error?$AA@    10017b74     LIBCMTD:dbgrpt.obj
 0002:00000b7c       ??_C@_07JCGI@Warning?$AA@  10017b7c     LIBCMTD:dbgrpt.obj
 0002:00000b84       ??_C@_0M@ODEP@?$CFs?$CI?$CFd?$CJ?5?3?5?$CFs?$AA@ 10017b84     LIBCMTD:dbgrpt.obj
 0002:00000b90       ??_C@_01BJG@?6?$AA@        10017b90     LIBCMTD:dbgrpt.obj
 0002:00000b94       ??_C@_01FEHD@?$AN?$AA@     10017b94     LIBCMTD:dbgrpt.obj
 0002:00000b98       ??_C@_0BC@OIMC@Assertion?5failed?$CB?$AA@ 10017b98     LIBCMTD:dbgrpt.obj
 0002:00000bac       ??_C@_0BD@BEAK@Assertion?5failed?3?5?$AA@ 10017bac     LIBCMTD:dbgrpt.obj
 0002:00000bc0       ??_C@_0CL@LCCP@_CrtDbgReport?3?5String?5too?5long?5o@ 10017bc0     LIBCMTD:dbgrpt.obj
 0002:00000bec       ??_C@_0DC@EMDK@Second?5Chance?5Assertion?5Failed?3?5@ 10017bec     LIBCMTD:dbgrpt.obj
 0002:00000c20       ??_C@_09NJAK@wsprintfA?$AA@ 10017c20     LIBCMTD:dbgrpt.obj
 0002:00000c2c       ??_C@_0L@HKL@user32?4dll?$AA@ 10017c2c     LIBCMTD:dbgrpt.obj
 0002:00000c38       ??_C@_0CD@GCMD@Microsoft?5Visual?5C?$CL?$CL?5Debug?5Libra@ 10017c38     LIBCMTD:dbgrpt.obj
 0002:00000c5c       ??_C@_0FD@EBDD@Debug?5?$CFs?$CB?6?6Program?3?5?$CFs?$CFs?$CFs?$CFs?$CFs?$CFs@ 10017c5c     LIBCMTD:dbgrpt.obj
 0002:00000cb0       ??_C@_09DCKN@?6Module?3?5?$AA@ 10017cb0     LIBCMTD:dbgrpt.obj
 0002:00000cbc       ??_C@_07HJII@?6File?3?5?$AA@ 10017cbc     LIBCMTD:dbgrpt.obj
 0002:00000cc4       ??_C@_07LFGN@?6Line?3?5?$AA@ 10017cc4     LIBCMTD:dbgrpt.obj
 0002:00000ccc       ??_C@_0N@NOAB@Expression?3?5?$AA@ 10017ccc     LIBCMTD:dbgrpt.obj
 0002:00000cdc       ??_C@_00A@?$AA@            10017cdc     LIBCMTD:dbgrpt.obj
 0002:00000ce0       ??_C@_0HD@BHFH@?6?6For?5information?5on?5how?5your?5pr@ 10017ce0     LIBCMTD:dbgrpt.obj
 0002:00000d54       ??_C@_08GFHP@dbgrpt?4c?$AA@ 10017d54     LIBCMTD:dbgrpt.obj
 0002:00000d60       ??_C@_0BG@FBEA@szUserMessage?5?$CB?$DN?5NULL?$AA@ 10017d60     LIBCMTD:dbgrpt.obj
 0002:00000dd8       ??_C@_0P@LNLA@format?5?$CB?$DN?5NULL?$AA@ 10017dd8     LIBCMTD:sprintf.obj
 0002:00000de8       ??_C@_09NEAG@sprintf?4c?$AA@ 10017de8     LIBCMTD:sprintf.obj
 0002:00000df4       ??_C@_0P@OOIN@string?5?$CB?$DN?5NULL?$AA@ 10017df4     LIBCMTD:sprintf.obj
 0002:00000e04       ??_C@_0BD@NJFP@GetLastActivePopup?$AA@ 10017e04     LIBCMTD:crtmbox.obj
 0002:00000e18       ??_C@_0BA@GILI@GetActiveWindow?$AA@ 10017e18     LIBCMTD:crtmbox.obj
 0002:00000e28       ??_C@_0M@PKCK@MessageBoxA?$AA@ 10017e28     LIBCMTD:crtmbox.obj
 0002:00000e34       ??_C@_0L@HE@vsprintf?4c?$AA@ 10017e34     LIBCMTD:vsnprint.obj
 0002:00000e40       ??_C@_08CNMA@winsig?4c?$AA@ 10017e40     LIBCMTD:winsig.obj
 0002:00000e4c       ??_C@_0DP@IHIN@?$CI?$CCinconsistent?5IOB?5fields?$CC?0?5stre@ 10017e4c     LIBCMTD:_flsbuf.obj
 0002:00000e8c       ??_C@_09LGEI@_flsbuf?4c?$AA@ 10017e8c     LIBCMTD:_flsbuf.obj
 0002:00000e98       ??_C@_0M@KJPK@str?5?$CB?$DN?5NULL?$AA@ 10017e98     LIBCMTD:_flsbuf.obj
 0002:00000ea4       ___lookuptable             10017ea4     LIBCMTD:output.obj
 0002:00000f00       ??_C@_1O@POHA@?$AA?$CI?$AAn?$AAu?$AAl?$AAl?$AA?$CJ?$AA?$AA@ 10017f00     LIBCMTD:output.obj
 0002:00000f10       ??_C@_06ONKE@?$CInull?$CJ?$AA@ 10017f10     LIBCMTD:output.obj
 0002:00000f18       ??_C@_08MIHI@output?4c?$AA@ 10017f18     LIBCMTD:output.obj
 0002:00000f24       ??_C@_0P@PIHB@ch?5?$CB?$DN?5_T?$CI?8?20?8?$CJ?$AA@ 10017f24     LIBCMTD:output.obj
 0002:00000f34       ??_C@_01A@?$AA?$AA@        10017f34     LIBCMTD:a_str.obj
 0002:00000f38       ??_C@_13A@?$AA?$AA?$AA?$AA@ 10017f38     LIBCMTD:a_str.obj
 0002:00000f68       ??_C@_09EMDO@_getbuf?4c?$AA@ 10017f68     LIBCMTD:_getbuf.obj
 0002:00000f74       ??_C@_07HPAH@_file?4c?$AA@ 10017f74     LIBCMTD:_file.obj
 0002:00000f7c       ??_C@_07PCLE@LC_TIME?$AA@  10017f7c     LIBCMTD:setlocal.obj
 0002:00000f84       ??_C@_0L@NKG@LC_NUMERIC?$AA@ 10017f84     LIBCMTD:setlocal.obj
 0002:00000f90       ??_C@_0M@CBIH@LC_MONETARY?$AA@ 10017f90     LIBCMTD:setlocal.obj
 0002:00000f9c       ??_C@_08LFGE@LC_CTYPE?$AA@ 10017f9c     LIBCMTD:setlocal.obj
 0002:00000fa8       ??_C@_0L@CFLC@LC_COLLATE?$AA@ 10017fa8     LIBCMTD:setlocal.obj
 0002:00000fb4       ??_C@_06GCPK@LC_ALL?$AA@   10017fb4     LIBCMTD:setlocal.obj
 0002:00000fbc       ??_C@_01FAJB@?$DL?$AA@     10017fbc     LIBCMTD:setlocal.obj
 0002:00000fc0       ??_C@_02BGDO@?$DN?$DL?$AA@ 10017fc0     LIBCMTD:setlocal.obj
 0002:00000fc4       ??_C@_0L@MOEE@setlocal?4c?$AA@ 10017fc4     LIBCMTD:setlocal.obj
 0002:00000fd0       ??_C@_01KPOD@?$DN?$AA@     10017fd0     LIBCMTD:setlocal.obj
 0002:00000fd4       ??_C@_03DBOJ@_?4?0?$AA@    10017fd4     LIBCMTD:setlocal.obj
 0002:00000fd8       ??_C@_01PJCK@?4?$AA@       10017fd8     LIBCMTD:setlocal.obj
 0002:00000fdc       ??_C@_01NON@_?$AA@         10017fdc     LIBCMTD:setlocal.obj
 0002:00000fe0       ??_C@_09LNLM@osfinfo?4c?$AA@ 10017fe0     LIBCMTD:osfinfo.obj
 0002:00000fec       ??_C@_0L@EEGJ@inittime?4c?$AA@ 10017fec     LIBCMTD:inittime.obj
 0002:00000ff8       ??_C@_09IMJJ@initnum?4c?$AA@ 10017ff8     LIBCMTD:initnum.obj
 0002:00001004       ??_C@_09KPNI@initmon?4c?$AA@ 10018004     LIBCMTD:initmon.obj
 0002:00001010       ??_C@_0L@COIL@initctyp?4c?$AA@ 10018010     LIBCMTD:initctyp.obj
 0002:0000101c       ??_C@_08OBJD@Paraguay?$AA@ 1001801c     LIBCMTD:getqloc.obj
 0002:00001028       ??_C@_07GLKH@Uruguay?$AA@  10018028     LIBCMTD:getqloc.obj
 0002:00001030       ??_C@_05FPFC@Chile?$AA@    10018030     LIBCMTD:getqloc.obj
 0002:00001038       ??_C@_07IIGF@Ecuador?$AA@  10018038     LIBCMTD:getqloc.obj
 0002:00001040       ??_C@_09PKAL@Argentina?$AA@ 10018040     LIBCMTD:getqloc.obj
 0002:0000104c       ??_C@_04LKAH@Peru?$AA@     1001804c     LIBCMTD:getqloc.obj
 0002:00001054       ??_C@_08NEEM@Colombia?$AA@ 10018054     LIBCMTD:getqloc.obj
 0002:00001060       ??_C@_09ODEB@Venezuela?$AA@ 10018060     LIBCMTD:getqloc.obj
 0002:0000106c       ??_C@_0BD@CLEL@Dominican?5Republic?$AA@ 1001806c     LIBCMTD:getqloc.obj
 0002:00001080       ??_C@_0N@MDGL@South?5Africa?$AA@ 10018080     LIBCMTD:getqloc.obj
 0002:00001090       ??_C@_06NKBG@Panama?$AA@   10018090     LIBCMTD:getqloc.obj
 0002:00001098       ??_C@_0L@BMHO@Luxembourg?$AA@ 10018098     LIBCMTD:getqloc.obj
 0002:000010a4       ??_C@_0L@IMDK@Costa?5Rica?$AA@ 100180a4     LIBCMTD:getqloc.obj
 0002:000010b0       ??_C@_0M@BLJF@Switzerland?$AA@ 100180b0     LIBCMTD:getqloc.obj
 0002:000010bc       ??_C@_09KBOL@Guatemala?$AA@ 100180bc     LIBCMTD:getqloc.obj
 0002:000010c8       ??_C@_06JNAK@Canada?$AA@   100180c8     LIBCMTD:getqloc.obj
 0002:000010d0       ??_C@_0BG@OLLP@Spanish?5?9?5Modern?5Sort?$AA@ 100180d0     LIBCMTD:getqloc.obj
 0002:000010e8       ??_C@_09IDKE@Australia?$AA@ 100180e8     LIBCMTD:getqloc.obj
 0002:000010f4       ??_C@_07JJJJ@English?$AA@  100180f4     LIBCMTD:getqloc.obj
 0002:000010fc       ??_C@_07NMDO@Austria?$AA@  100180fc     LIBCMTD:getqloc.obj
 0002:00001104       ??_C@_06DEFE@German?$AA@   10018104     LIBCMTD:getqloc.obj
 0002:0000110c       ??_C@_07JAIH@Belgium?$AA@  1001810c     LIBCMTD:getqloc.obj
 0002:00001114       ??_C@_06BNLJ@Mexico?$AA@   10018114     LIBCMTD:getqloc.obj
 0002:0000111c       ??_C@_07JHAG@Spanish?$AA@  1001811c     LIBCMTD:getqloc.obj
 0002:00001124       ??_C@_06DADE@Basque?$AA@   10018124     LIBCMTD:getqloc.obj
 0002:0000112c       ??_C@_06ENFP@Sweden?$AA@   1001812c     LIBCMTD:getqloc.obj
 0002:00001134       ??_C@_07JPMH@Swedish?$AA@  10018134     LIBCMTD:getqloc.obj
 0002:0000113c       ??_C@_07IEKF@Iceland?$AA@  1001813c     LIBCMTD:getqloc.obj
 0002:00001144       ??_C@_09KNEA@Icelandic?$AA@ 10018144     LIBCMTD:getqloc.obj
 0002:00001150       ??_C@_06IJOD@France?$AA@   10018150     LIBCMTD:getqloc.obj
 0002:00001158       ??_C@_06EINI@French?$AA@   10018158     LIBCMTD:getqloc.obj
 0002:00001160       ??_C@_07FOOE@Finland?$AA@  10018160     LIBCMTD:getqloc.obj
 0002:00001168       ??_C@_07OJOM@Finnish?$AA@  10018168     LIBCMTD:getqloc.obj
 0002:00001170       ??_C@_05FFAC@Spain?$AA@    10018170     LIBCMTD:getqloc.obj
 0002:00001178       ??_C@_0BL@BIHM@Spanish?5?9?5Traditional?5Sort?$AA@ 10018178     LIBCMTD:getqloc.obj
 0002:00001194       ??_C@_0O@GLHB@united?9states?$AA@ 10018194     LIBCMTD:getqloc.obj
 0002:000011a4       ??_C@_0P@IIKK@united?9kingdom?$AA@ 100181a4     LIBCMTD:getqloc.obj
 0002:000011b4       ??_C@_0BC@FHBO@trinidad?5?$CG?5tobago?$AA@ 100181b4     LIBCMTD:getqloc.obj
 0002:000011c8       ??_C@_0M@BDFM@south?9korea?$AA@ 100181c8     LIBCMTD:getqloc.obj
 0002:000011d4       ??_C@_0N@CKFA@south?9africa?$AA@ 100181d4     LIBCMTD:getqloc.obj
 0002:000011e4       ??_C@_0M@HNHN@south?5korea?$AA@ 100181e4     LIBCMTD:getqloc.obj
 0002:000011f0       ??_C@_0N@MKDO@south?5africa?$AA@ 100181f0     LIBCMTD:getqloc.obj
 0002:00001200       ??_C@_06KFFJ@slovak?$AA@   10018200     LIBCMTD:getqloc.obj
 0002:00001208       ??_C@_0M@NMAC@puerto?9rico?$AA@ 10018208     LIBCMTD:getqloc.obj
 0002:00001214       ??_C@_08EJOH@pr?9china?$AA@ 10018214     LIBCMTD:getqloc.obj
 0002:00001220       ??_C@_08CHMG@pr?5china?$AA@ 10018220     LIBCMTD:getqloc.obj
 0002:0000122c       ??_C@_02OCJK@nz?$AA@       1001822c     LIBCMTD:getqloc.obj
 0002:00001230       ??_C@_0M@MMKA@new?9zealand?$AA@ 10018230     LIBCMTD:getqloc.obj
 0002:0000123c       ??_C@_09MGEH@hong?9kong?$AA@ 1001823c     LIBCMTD:getqloc.obj
 0002:00001248       ??_C@_07CCAK@holland?$AA@  10018248     LIBCMTD:getqloc.obj
 0002:00001250       ??_C@_0O@MEPL@great?5britain?$AA@ 10018250     LIBCMTD:getqloc.obj
 0002:00001260       ??_C@_07LGIB@england?$AA@  10018260     LIBCMTD:getqloc.obj
 0002:00001268       ??_C@_05BMOA@czech?$AA@    10018268     LIBCMTD:getqloc.obj
 0002:00001270       ??_C@_05NMPB@china?$AA@    10018270     LIBCMTD:getqloc.obj
 0002:00001278       ??_C@_07GN@britain?$AA@    10018278     LIBCMTD:getqloc.obj
 0002:00001280       ??_C@_07DLAK@america?$AA@  10018280     LIBCMTD:getqloc.obj
 0002:00001288       ??_C@_03IPEP@usa?$AA@      10018288     LIBCMTD:getqloc.obj
 0002:0000128c       ??_C@_02PILH@us?$AA@       1001828c     LIBCMTD:getqloc.obj
 0002:00001290       ??_C@_02FHP@uk?$AA@        10018290     LIBCMTD:getqloc.obj
 0002:00001294       ??_C@_05DEAI@swiss?$AA@    10018294     LIBCMTD:getqloc.obj
 0002:0000129c       ??_C@_0BA@LIAF@swedish?9finland?$AA@ 1001829c     LIBCMTD:getqloc.obj
 0002:000012ac       ??_C@_0BC@FMEG@spanish?9venezuela?$AA@ 100182ac     LIBCMTD:getqloc.obj
 0002:000012c0       ??_C@_0BA@BNMG@spanish?9uruguay?$AA@ 100182c0     LIBCMTD:getqloc.obj
 0002:000012d0       ??_C@_0BE@BKDJ@spanish?9puerto?5rico?$AA@ 100182d0     LIBCMTD:getqloc.obj
 0002:000012e4       ??_C@_0N@JIBL@spanish?9peru?$AA@ 100182e4     LIBCMTD:getqloc.obj
 0002:000012f4       ??_C@_0BB@OGOF@spanish?9paraguay?$AA@ 100182f4     LIBCMTD:getqloc.obj
 0002:00001308       ??_C@_0P@LLFA@spanish?9panama?$AA@ 10018308     LIBCMTD:getqloc.obj
 0002:00001318       ??_C@_0BC@BBJM@spanish?9nicaragua?$AA@ 10018318     LIBCMTD:getqloc.obj
 0002:0000132c       ??_C@_0P@NJBN@spanish?9modern?$AA@ 1001832c     LIBCMTD:getqloc.obj
 0002:0000133c       ??_C@_0BA@NHDN@spanish?9mexican?$AA@ 1001833c     LIBCMTD:getqloc.obj
 0002:0000134c       ??_C@_0BB@JHOJ@spanish?9honduras?$AA@ 1001834c     LIBCMTD:getqloc.obj
 0002:00001360       ??_C@_0BC@BOOM@spanish?9guatemala?$AA@ 10018360     LIBCMTD:getqloc.obj
 0002:00001374       ??_C@_0BE@EELI@spanish?9el?5salvador?$AA@ 10018374     LIBCMTD:getqloc.obj
 0002:00001388       ??_C@_0BA@POAE@spanish?9ecuador?$AA@ 10018388     LIBCMTD:getqloc.obj
 0002:00001398       ??_C@_0BL@LDKN@spanish?9dominican?5republic?$AA@ 10018398     LIBCMTD:getqloc.obj
 0002:000013b4       ??_C@_0BD@HPMH@spanish?9costa?5rica?$AA@ 100183b4     LIBCMTD:getqloc.obj
 0002:000013c8       ??_C@_0BB@NDDK@spanish?9colombia?$AA@ 100183c8     LIBCMTD:getqloc.obj
 0002:000013dc       ??_C@_0O@BJHA@spanish?9chile?$AA@ 100183dc     LIBCMTD:getqloc.obj
 0002:000013ec       ??_C@_0BA@OBNG@spanish?9bolivia?$AA@ 100183ec     LIBCMTD:getqloc.obj
 0002:000013fc       ??_C@_0BC@EFAM@spanish?9argentina?$AA@ 100183fc     LIBCMTD:getqloc.obj
 0002:00001410       ??_C@_0BF@KMMM@portuguese?9brazilian?$AA@ 10018410     LIBCMTD:getqloc.obj
 0002:00001428       ??_C@_0BC@BAAE@norwegian?9nynorsk?$AA@ 10018428     LIBCMTD:getqloc.obj
 0002:0000143c       ??_C@_0BB@PBHK@norwegian?9bokmal?$AA@ 1001843c     LIBCMTD:getqloc.obj
 0002:00001450       ??_C@_09EHKL@norwegian?$AA@ 10018450     LIBCMTD:getqloc.obj
 0002:0000145c       ??_C@_0O@BEAN@italian?9swiss?$AA@ 1001845c     LIBCMTD:getqloc.obj
 0002:0000146c       ??_C@_0O@OIFK@irish?9english?$AA@ 1001846c     LIBCMTD:getqloc.obj
 0002:0000147c       ??_C@_0N@NBPL@german?9swiss?$AA@ 1001847c     LIBCMTD:getqloc.obj
 0002:0000148c       ??_C@_0BC@ICFJ@german?9luxembourg?$AA@ 1001848c     LIBCMTD:getqloc.obj
 0002:000014a0       ??_C@_0BE@GGPC@german?9lichtenstein?$AA@ 100184a0     LIBCMTD:getqloc.obj
 0002:000014b4       ??_C@_0BA@MKDC@german?9austrian?$AA@ 100184b4     LIBCMTD:getqloc.obj
 0002:000014c4       ??_C@_0N@ODNB@french?9swiss?$AA@ 100184c4     LIBCMTD:getqloc.obj
 0002:000014d4       ??_C@_0BC@MGCM@french?9luxembourg?$AA@ 100184d4     LIBCMTD:getqloc.obj
 0002:000014e8       ??_C@_0BA@NABK@french?9canadian?$AA@ 100184e8     LIBCMTD:getqloc.obj
 0002:000014f8       ??_C@_0P@CJNO@french?9belgian?$AA@ 100184f8     LIBCMTD:getqloc.obj
 0002:00001508       ??_C@_0M@LJOL@english?9usa?$AA@ 10018508     LIBCMTD:getqloc.obj
 0002:00001514       ??_C@_0L@FMNC@english?9us?$AA@ 10018514     LIBCMTD:getqloc.obj
 0002:00001520       ??_C@_0L@KBBK@english?9uk?$AA@ 10018520     LIBCMTD:getqloc.obj
 0002:0000152c       ??_C@_0BK@NDDE@english?9trinidad?5y?5tobago?$AA@ 1001852c     LIBCMTD:getqloc.obj
 0002:00001548       ??_C@_0BF@LKML@english?9south?5africa?$AA@ 10018548     LIBCMTD:getqloc.obj
 0002:00001560       ??_C@_0L@EGPP@english?9nz?$AA@ 10018560     LIBCMTD:getqloc.obj
 0002:0000156c       ??_C@_0BA@HLH@english?9jamaica?$AA@ 1001856c     LIBCMTD:getqloc.obj
 0002:0000157c       ??_C@_0M@PMJI@english?9ire?$AA@ 1001857c     LIBCMTD:getqloc.obj
 0002:00001588       ??_C@_0BC@HINE@english?9caribbean?$AA@ 10018588     LIBCMTD:getqloc.obj
 0002:0000159c       ??_C@_0M@DCFH@english?9can?$AA@ 1001859c     LIBCMTD:getqloc.obj
 0002:000015a8       ??_C@_0P@DGHK@english?9belize?$AA@ 100185a8     LIBCMTD:getqloc.obj
 0002:000015b8       ??_C@_0M@FLHK@english?9aus?$AA@ 100185b8     LIBCMTD:getqloc.obj
 0002:000015c4       ??_C@_0BB@HNCK@english?9american?$AA@ 100185c4     LIBCMTD:getqloc.obj
 0002:000015d8       ??_C@_0O@PAMI@dutch?9belgian?$AA@ 100185d8     LIBCMTD:getqloc.obj
 0002:000015e8       ??_C@_0BE@FPEJ@chinese?9traditional?$AA@ 100185e8     LIBCMTD:getqloc.obj
 0002:000015fc       ??_C@_0BC@CHFL@chinese?9singapore?$AA@ 100185fc     LIBCMTD:getqloc.obj
 0002:00001610       ??_C@_0BD@DCMH@chinese?9simplified?$AA@ 10018610     LIBCMTD:getqloc.obj
 0002:00001624       ??_C@_0BB@JMOE@chinese?9hongkong?$AA@ 10018624     LIBCMTD:getqloc.obj
 0002:00001638       ??_C@_07NGFN@chinese?$AA@  10018638     LIBCMTD:getqloc.obj
 0002:00001640       ??_C@_03PCOI@chi?$AA@      10018640     LIBCMTD:getqloc.obj
 0002:00001644       ??_C@_03FIHP@chh?$AA@      10018644     LIBCMTD:getqloc.obj
 0002:00001648       ??_C@_08HFLO@canadian?$AA@ 10018648     LIBCMTD:getqloc.obj
 0002:00001654       ??_C@_07INIJ@belgian?$AA@  10018654     LIBCMTD:getqloc.obj
 0002:0000165c       ??_C@_0L@LCCA@australian?$AA@ 1001865c     LIBCMTD:getqloc.obj
 0002:00001668       ??_C@_0BB@BJIO@american?9english?$AA@ 10018668     LIBCMTD:getqloc.obj
 0002:0000167c       ??_C@_0BB@DAGO@american?5english?$AA@ 1001867c     LIBCMTD:getqloc.obj
 0002:00001690       ??_C@_08HENB@american?$AA@ 10018690     LIBCMTD:getqloc.obj
 0002:0000169c       ??_C@_03DGJE@OCP?$AA@      1001869c     LIBCMTD:getqloc.obj
 0002:000016a0       ??_C@_03EKFG@ACP?$AA@      100186a0     LIBCMTD:getqloc.obj
 0002:000016a4       ??_C@_08PHBD@fclose?4c?$AA@ 100186a4     LIBCMTD:fclose.obj
 0002:000016b0       ??_C@_0P@FHEA@stream?5?$CB?$DN?5NULL?$AA@ 100186b0     LIBCMTD:fclose.obj
 0002:000016c0       ??_C@_07CJME@H?3mm?3ss?$AA@ 100186c0     LIBCMTD:strftime.obj
 0002:000016c8       ??_C@_0BE@MHI@dddd?0?5MMMM?5dd?0?5yyyy?$AA@ 100186c8     LIBCMTD:strftime.obj
 0002:000016dc       ??_C@_06HCAD@M?1d?1yy?$AA@ 100186dc     LIBCMTD:strftime.obj
 0002:000016e4       ??_C@_02DBLP@PM?$AA@       100186e4     LIBCMTD:strftime.obj
 0002:000016e8       ??_C@_02ENLM@AM?$AA@       100186e8     LIBCMTD:strftime.obj
 0002:000016ec       ??_C@_08LIDF@December?$AA@ 100186ec     LIBCMTD:strftime.obj
 0002:000016f8       ??_C@_08NJLI@November?$AA@ 100186f8     LIBCMTD:strftime.obj
 0002:00001704       ??_C@_07IAMM@October?$AA@  10018704     LIBCMTD:strftime.obj
 0002:0000170c       ??_C@_09MKGD@September?$AA@ 1001870c     LIBCMTD:strftime.obj
 0002:00001718       ??_C@_06PADP@August?$AA@   10018718     LIBCMTD:strftime.obj
 0002:00001720       ??_C@_04PIJO@July?$AA@     10018720     LIBCMTD:strftime.obj
 0002:00001728       ??_C@_04ICFP@June?$AA@     10018728     LIBCMTD:strftime.obj
 0002:00001730       ??_C@_05JFGC@April?$AA@    10018730     LIBCMTD:strftime.obj
 0002:00001738       ??_C@_05FGPD@March?$AA@    10018738     LIBCMTD:strftime.obj
 0002:00001740       ??_C@_08PGBA@February?$AA@ 10018740     LIBCMTD:strftime.obj
 0002:0000174c       ??_C@_07BPKJ@January?$AA@  1001874c     LIBCMTD:strftime.obj
 0002:00001754       ??_C@_03PGJO@Dec?$AA@      10018754     LIBCMTD:strftime.obj
 0002:00001758       ??_C@_03PDLM@Nov?$AA@      10018758     LIBCMTD:strftime.obj
 0002:0000175c       ??_C@_03BLHK@Oct?$AA@      1001875c     LIBCMTD:strftime.obj
 0002:00001760       ??_C@_03DPFM@Sep?$AA@      10018760     LIBCMTD:strftime.obj
 0002:00001764       ??_C@_03CMCH@Aug?$AA@      10018764     LIBCMTD:strftime.obj
 0002:00001768       ??_C@_03OBKI@Jul?$AA@      10018768     LIBCMTD:strftime.obj
 0002:0000176c       ??_C@_03LEIG@Jun?$AA@      1001876c     LIBCMTD:strftime.obj
 0002:00001770       ??_C@_03MGHB@May?$AA@      10018770     LIBCMTD:strftime.obj
 0002:00001774       ??_C@_03MJJM@Apr?$AA@      10018774     LIBCMTD:strftime.obj
 0002:00001778       ??_C@_03GNHA@Mar?$AA@      10018778     LIBCMTD:strftime.obj
 0002:0000177c       ??_C@_03PICE@Feb?$AA@      1001877c     LIBCMTD:strftime.obj
 0002:00001780       ??_C@_03IEIF@Jan?$AA@      10018780     LIBCMTD:strftime.obj
 0002:00001784       ??_C@_08FAKH@Saturday?$AA@ 10018784     LIBCMTD:strftime.obj
 0002:00001790       ??_C@_06ONCK@Friday?$AA@   10018790     LIBCMTD:strftime.obj
 0002:00001798       ??_C@_08CCFO@Thursday?$AA@ 10018798     LIBCMTD:strftime.obj
 0002:000017a4       ??_C@_09PBIN@Wednesday?$AA@ 100187a4     LIBCMTD:strftime.obj
 0002:000017b0       ??_C@_07BMBC@Tuesday?$AA@  100187b0     LIBCMTD:strftime.obj
 0002:000017b8       ??_C@_06CHLK@Monday?$AA@   100187b8     LIBCMTD:strftime.obj
 0002:000017c0       ??_C@_06OOEM@Sunday?$AA@   100187c0     LIBCMTD:strftime.obj
 0002:000017c8       ??_C@_03MPKK@Sat?$AA@      100187c8     LIBCMTD:strftime.obj
 0002:000017cc       ??_C@_03FINJ@Fri?$AA@      100187cc     LIBCMTD:strftime.obj
 0002:000017d0       ??_C@_03HIKC@Thu?$AA@      100187d0     LIBCMTD:strftime.obj
 0002:000017d4       ??_C@_03HECK@Wed?$AA@      100187d4     LIBCMTD:strftime.obj
 0002:000017d8       ??_C@_03ECCP@Tue?$AA@      100187d8     LIBCMTD:strftime.obj
 0002:000017dc       ??_C@_03PIEP@Mon?$AA@      100187dc     LIBCMTD:strftime.obj
 0002:000017e0       ??_C@_03FHEP@Sun?$AA@      100187e0     LIBCMTD:strftime.obj
 0002:000017e4       ??_C@_03MKGK@a?1p?$AA@     100187e4     LIBCMTD:strftime.obj
 0002:000017e8       ??_C@_05BDJK@am?1pm?$AA@   100187e8     LIBCMTD:strftime.obj
 0002:000017f0       ??_C@_0L@HKCB@inithelp?4c?$AA@ 100187f0     LIBCMTD:inithelp.obj
 0002:00001818       ??_C@_0L@JIE@_freebuf?4c?$AA@ 10018818     LIBCMTD:_freebuf.obj
 0002:00001824       ___dnames                  10018824     LIBCMTD:timeset.obj
 0002:0000183c       ___mnames                  1001883c     LIBCMTD:timeset.obj
 0002:00001864       ??_C@_07DEKI@tzset?4c?$AA@ 10018864     LIBCMTD:tzset.obj
 0002:0000186c       ??_C@_02JHIA@TZ?$AA@       1001886c     LIBCMTD:tzset.obj
 0002:0000188c       ??_C@_0L@EJNO@wtombenv?4c?$AA@ 1001888c     LIBCMTD:wtombenv.obj
 0002:00001898       ??_C@_07FOIK@a_cmp?4c?$AA@ 10018898     LIBCMTD:a_cmp.obj
 0002:000018a0       ??_C@_0DN@PPKB@cchCount1?$DN?$DN0?5?$CG?$CG?5cchCount2?$DN?$DN1?5?$HM?$HM?5@ 100188a0     LIBCMTD:a_cmp.obj
 0002:000018f8       ??_C@_08FEIK@setenv?4c?$AA@ 100188f8     LIBCMTD:setenv.obj
 0003:00000000       ___xc_a                    10019000     LIBCMTD:crt0init.obj
 0003:00000004       ___xc_z                    10019004     LIBCMTD:crt0init.obj
 0003:00000008       ___xi_a                    10019008     LIBCMTD:crt0init.obj
 0003:00000014       ___xi_z                    10019014     LIBCMTD:crt0init.obj
 0003:00000018       ___xp_a                    10019018     LIBCMTD:crt0init.obj
 0003:00000020       ___xp_z                    10019020     LIBCMTD:crt0init.obj
 0003:00000024       ___xt_a                    10019024     LIBCMTD:crt0init.obj
 0003:00000028       ___xt_z                    10019028     LIBCMTD:crt0init.obj
 0003:00000030       _left_end_flag             10019030     code.obj
 0003:00000031       _right_end_flag            10019031     code.obj
 0003:00000032       _dot_num                   10019032     code.obj
 0003:00000034       __aexit_rtn                10019034     LIBCMTD:dllcrt0.obj
 0003:00000038       ___tlsindex                10019038     LIBCMTD:tidtable.obj
 0003:00000040       ___badioinfo               10019040     LIBCMTD:ioinit.obj
 0003:00000064       __crtDbgFlag               10019064     LIBCMTD:dbgheap.obj
 0003:0000006c       __crtBreakAlloc            1001906c     LIBCMTD:dbgheap.obj
 0003:00000088       __amblksiz                 10019088     LIBCMTD:heapinit.obj
 0003:00000120       __locktable                10019120     LIBCMTD:mlock.obj
 0003:000001e0       __XcptActTab               100191e0     LIBCMTD:winxfltr.obj
 0003:00000258       __First_FPE_Indx           10019258     LIBCMTD:winxfltr.obj
 0003:0000025c       __Num_FPE                  1001925c     LIBCMTD:winxfltr.obj
 0003:00000260       __XcptActTabSize           10019260     LIBCMTD:winxfltr.obj
 0003:00000264       __XcptActTabCount          10019264     LIBCMTD:winxfltr.obj
 0003:00000268       __NLG_Destination          10019268     LIBCMTD:exsup.obj
 0003:00000280       __pfnAllocHook             10019280     LIBCMTD:dbghook.obj
 0003:00000284       __crtAssertBusy            10019284     LIBCMTD:dbgrpt.obj
 0003:00000288       __CrtDbgMode               10019288     LIBCMTD:dbgrpt.obj
 0003:00000294       __CrtDbgFile               10019294     LIBCMTD:dbgrpt.obj
 0003:000002b0       ___old_small_block_heap    100192b0     LIBCMTD:sbheap.obj
 0003:000022d4       ___old_sbh_threshold       1001b2d4     LIBCMTD:sbheap.obj
 0003:000022d8       __pctype                   1001b2d8     LIBCMTD:ctype.obj
 0003:000022dc       __pwctype                  1001b2dc     LIBCMTD:ctype.obj
 0003:000022e0       __ctype                    1001b2e0     LIBCMTD:ctype.obj
 0003:000024e4       ___mb_cur_max              1001b4e4     LIBCMTD:nlsdata1.obj
 0003:000024e8       ___decimal_point           1001b4e8     LIBCMTD:nlsdata1.obj
 0003:000024ec       ___decimal_point_length    1001b4ec     LIBCMTD:nlsdata1.obj
 0003:00002760       ___nullstring              1001b760     LIBCMTD:output.obj
 0003:00002764       ___wnullstring             1001b764     LIBCMTD:output.obj
 0003:00002770       __iob                      1001b770     LIBCMTD:_file.obj
 0003:000029f0       __cfltcvt_tab              1001b9f0     LIBCMTD:cmiscdat.obj
 0003:00002b18       ___lc_category             1001bb18     LIBCMTD:setlocal.obj
 0003:00002b60       ___rgLocInfo               1001bb60     LIBCMTD:getqloc.obj
 0003:00003004       ___rglangidNotDefault      1001c004     LIBCMTD:getqloc.obj
 0003:00003018       ___rg_country              1001c018     LIBCMTD:getqloc.obj
 0003:000030d0       ___rg_language             1001c0d0     LIBCMTD:getqloc.obj
 0003:000032d8       ___lc_time_curr            1001c2d8     LIBCMTD:strftime.obj
 0003:000032e0       ___lc_time_c               1001c2e0     LIBCMTD:strftime.obj
 0003:00003390       ___lconv_static_decimal    1001c390     LIBCMTD:lconv.obj
 0003:00003398       ___lconv_c                 1001c398     LIBCMTD:lconv.obj
 0003:000033c8       ___lconv                   1001c3c8     LIBCMTD:lconv.obj
 0003:000033d0       __timezone                 1001c3d0     LIBCMTD:timeset.obj
 0003:000033d4       __daylight                 1001c3d4     LIBCMTD:timeset.obj
 0003:000033d8       __dstbias                  1001c3d8     LIBCMTD:timeset.obj
 0003:0000345c       __tzname                   1001c45c     LIBCMTD:timeset.obj
 0003:00003490       __lpdays                   1001c490     LIBCMTD:days.obj
 0003:000034c4       __days                     1001c4c4     LIBCMTD:days.obj
 0003:000034f8       _i                         1001c4f8     code.obj
 0003:000034f9       _j                         1001c4f9     code.obj
 0003:000034fa       _k                         1001c4fa     code.obj
 0003:000034fb       _t                         1001c4fb     code.obj
 0003:000034fc       _OK_FLAG                   1001c4fc     code.obj
 0003:000034fd       _root1                     1001c4fd     code.obj
 0003:000034fe       _root2                     1001c4fe     code.obj
 0003:00003500       _sensor                    1001c500     code.obj
 0003:00003508       _sensor_driver             1001c508     code.obj
 0003:0000350c       _flag_photo                1001c50c     code.obj
 0003:0000350d       _read_date                 1001c50d     code.obj
 0003:0000350e       _temp_l                    1001c50e     code.obj
 0003:0000350f       _temp_r                    1001c50f     code.obj
 0003:00003510       _time                      1001c510     code.obj
 0003:00003511       _ave_now                   1001c511     code.obj
 0003:00003512       _change_left               1001c512     code.obj
 0003:00003513       _change_right              1001c513     code.obj
 0003:00003514       _line_left                 1001c514     code.obj
 0003:00003515       _line_right                1001c515     code.obj
 0003:00003516       _left                      1001c516     code.obj
 0003:00003517       _right                     1001c517     code.obj
 0003:00003518       _left_flag                 1001c518     code.obj
 0003:00003519       _right_flag                1001c519     code.obj
 0003:0000351c       _dif                       1001c51c     code.obj
 0003:00003520       _left_dot                  1001c520     code.obj
 0003:00003522       _right_dot                 1001c522     code.obj
 0003:00003524       _ones_ok                   1001c524     code.obj
 0003:00003526       _ten_left_ok               1001c526     code.obj
 0003:00003528       _ten_right_ok              1001c528     code.obj
 0003:0000352a       _dot_sub_left              1001c52a     code.obj
 0003:0000352b       _dot_sub_right             1001c52b     code.obj
 0003:0000352c       _scan_mode_left            1001c52c     code.obj
 0003:0000352d       _scan_mode_right           1001c52d     code.obj
 0003:0000352e       _type                      1001c52e     code.obj
 0003:0000352f       _left_h_dir                1001c52f     code.obj
 0003:00003530       _left_l_dir                1001c530     code.obj
 0003:00003531       _right_h_dir               1001c531     code.obj
 0003:00003532       _right_l_dir               1001c532     code.obj
 0003:00003533       _error_times_left          1001c533     code.obj
 0003:00003534       _error_times_right         1001c534     code.obj
 0003:00003535       _left_i                    1001c535     code.obj
 0003:00003536       _left_j                    1001c536     code.obj
 0003:00003537       _right_i                   1001c537     code.obj
 0003:00003538       _right_j                   1001c538     code.obj
 0003:00003539       _hang_dir                  1001c539     code.obj
 0003:0000353a       _lie_dir                   1001c53a     code.obj
 0003:0000353c       _test                      1001c53c     code.obj
 0003:00003544       __aenvptr                  1001c544     LIBCMTD:dllcrt0.obj
 0003:00003548       __wenvptr                  1001c548     LIBCMTD:dllcrt0.obj
 0003:0000354c       ___error_mode              1001c54c     LIBCMTD:dllcrt0.obj
 0003:00003550       ___app_type                1001c550     LIBCMTD:dllcrt0.obj
 0003:00003554       __umaskval                 1001c554     LIBCMTD:crt0dat.obj
 0003:00003558       __osver                    1001c558     LIBCMTD:crt0dat.obj
 0003:0000355c       __winver                   1001c55c     LIBCMTD:crt0dat.obj
 0003:00003560       __winmajor                 1001c560     LIBCMTD:crt0dat.obj
 0003:00003564       __winminor                 1001c564     LIBCMTD:crt0dat.obj
 0003:00003568       ___argc                    1001c568     LIBCMTD:crt0dat.obj
 0003:0000356c       ___argv                    1001c56c     LIBCMTD:crt0dat.obj
 0003:00003570       ___wargv                   1001c570     LIBCMTD:crt0dat.obj
 0003:00003574       __environ                  1001c574     LIBCMTD:crt0dat.obj
 0003:00003578       ___initenv                 1001c578     LIBCMTD:crt0dat.obj
 0003:0000357c       __wenviron                 1001c57c     LIBCMTD:crt0dat.obj
 0003:00003580       ___winitenv                1001c580     LIBCMTD:crt0dat.obj
 0003:00003584       __pgmptr                   1001c584     LIBCMTD:crt0dat.obj
 0003:00003588       __wpgmptr                  1001c588     LIBCMTD:crt0dat.obj
 0003:0000358c       __exitflag                 1001c58c     LIBCMTD:crt0dat.obj
 0003:00003590       __C_Termination_Done       1001c590     LIBCMTD:crt0dat.obj
 0003:00003594       __C_Exit_Done              1001c594     LIBCMTD:crt0dat.obj
 0003:000036b8       __adbgmsg                  1001c6b8     LIBCMTD:crt0msg.obj
 0003:00003720       __newmode                  1001c720     LIBCMTD:_newmode.obj
 0003:00003724       ?_pnhHeap@@3P6AHI@ZA       1001c724     LIBCMTD:handler.obj
 0003:00003758       ___lc_handle               1001c758     LIBCMTD:nlsdata2.obj
 0003:00003770       ___lc_codepage             1001c770     LIBCMTD:nlsdata2.obj
 0003:00003774       ___lc_collate_cp           1001c774     LIBCMTD:nlsdata2.obj
 0003:0000377c       __cflush                   1001c77c     LIBCMTD:_file.obj
 0003:0000378c       ___lc_time_intl            1001c78c     LIBCMTD:inittime.obj
 0003:000037a8       ___lc_id                   1001c7a8     LIBCMTD:nlsdata3.obj
 0003:000037f8       ___lconv_static_null       1001c7f8     LIBCMTD:lconv.obj
 0003:000038c8       _right_10_i                1001c8c8     <common>
 0003:000038ca       _right_10_j                1001c8ca     <common>
 0003:000038cc       _right_10                  1001c8cc     <common>
 0003:000038d0       _ten_hang                  1001c8d0     <common>
 0003:000038e0       _right_line                1001c8e0     <common>
 0003:00003a80       _center                    1001ca80     <common>
 0003:00003b02       _center0                   1001cb02     <common>
 0003:00003b03       _left_last                 1001cb03     <common>
 0003:00003b04       _ten_lie                   1001cb04     <common>
 0003:00003b06       _right_end                 1001cb06     <common>
 0003:00003b08       _left_10                   1001cb08     <common>
 0003:00003b0c       _right_start               1001cb0c     <common>
 0003:00003b10       _temp                      1001cb10     <common>
 0003:00003b14       _left_end                  1001cb14     <common>
 0003:00003b15       _right_last                1001cb15     <common>
 0003:00003b16       _left_10_j                 1001cb16     <common>
 0003:00003b18       _left_10_i                 1001cb18     <common>
 0003:00003b1a       _left_start                1001cb1a     <common>
 0003:00003b20       _left_line                 1001cb20     <common>
 0003:00003cb0       ___alternate_form          1001ccb0     <common>
 0003:00003cb4       ___no_lead_zeros           1001ccb4     <common>
 0003:00003cb8       ___setlc_active            1001ccb8     <common>
 0003:00003cbc       ___unguarded_readlc_active 1001ccbc     <common>
 0003:00003cc0       ___piob                    1001ccc0     <common>
 0003:00003ce0       __bufin                    1001cce0     <common>
 0003:00004ce0       __nstream                  1001dce0     <common>
 0003:00004ce4       ___mbcodepage              1001dce4     <common>
 0003:00004cf0       ___mbulinfo                1001dcf0     <common>
 0003:00004cfc       ___ismbcodepage            1001dcfc     <common>
 0003:00004d00       __mbcasemap                1001dd00     <common>
 0003:00004e00       __mbctype                  1001de00     <common>
 0003:00004f04       ___mblcid                  1001df04     <common>
 0003:00004f08       ___sbh_sizeHeaderList      1001df08     <common>
 0003:00004f0c       ___sbh_indGroupDefer       1001df0c     <common>
 0003:00004f10       ___sbh_pHeaderScan         1001df10     <common>
 0003:00004f14       ___sbh_initialized         1001df14     <common>
 0003:00004f18       ___sbh_pHeaderDefer        1001df18     <common>
 0003:00004f1c       ___sbh_cntHeaderList       1001df1c     <common>
 0003:00004f20       ___sbh_pHeaderList         1001df20     <common>
 0003:00004f24       ___sbh_threshold           1001df24     <common>
 0003:00004f28       __pfnReportHook            1001df28     <common>
 0003:00004f2c       __crtheap                  1001df2c     <common>
 0003:00004f30       ___active_heap             1001df30     <common>
 0003:00004f34       __pfnDumpClient            1001df34     <common>
 0003:00004f40       ___pioinfo                 1001df40     <common>
 0003:00005040       __nhandle                  1001e040     <common>
 0003:00005044       ___env_initialized         1001e044     <common>
 0003:00005048       ___mbctype_initialized     1001e048     <common>
 0003:0000504c       ___onexitend               1001e04c     <common>
 0003:00005050       ___onexitbegin             1001e050     <common>
 0003:00005054       __FPinit                   1001e054     <common>
 0003:00005058       __acmdln                   1001e058     <common>
 0003:0000505c       __pRawDllMain              1001e05c     <common>
 0004:00000000       __IMPORT_DESCRIPTOR_KERNEL32 1001f000     kernel32:KERNEL32.dll
 0004:00000014       __NULL_IMPORT_DESCRIPTOR   1001f014     kernel32:KERNEL32.dll
 0004:00000154       __imp__GetCommandLineA@0   1001f154     kernel32:KERNEL32.dll
 0004:00000158       __imp__GetVersion@0        1001f158     kernel32:KERNEL32.dll
 0004:0000015c       __imp__ExitProcess@4       1001f15c     kernel32:KERNEL32.dll
 0004:00000160       __imp__TerminateProcess@8  1001f160     kernel32:KERNEL32.dll
 0004:00000164       __imp__GetCurrentProcess@0 1001f164     kernel32:KERNEL32.dll
 0004:00000168       __imp__GetCurrentThreadId@0 1001f168     kernel32:KERNEL32.dll
 0004:0000016c       __imp__TlsSetValue@8       1001f16c     kernel32:KERNEL32.dll
 0004:00000170       __imp__TlsAlloc@0          1001f170     kernel32:KERNEL32.dll
 0004:00000174       __imp__TlsFree@4           1001f174     kernel32:KERNEL32.dll
 0004:00000178       __imp__SetLastError@4      1001f178     kernel32:KERNEL32.dll
 0004:0000017c       __imp__TlsGetValue@4       1001f17c     kernel32:KERNEL32.dll
 0004:00000180       __imp__GetLastError@0      1001f180     kernel32:KERNEL32.dll
 0004:00000184       __imp__GetCurrentThread@0  1001f184     kernel32:KERNEL32.dll
 0004:00000188       __imp__SetHandleCount@4    1001f188     kernel32:KERNEL32.dll
 0004:0000018c       __imp__GetStdHandle@4      1001f18c     kernel32:KERNEL32.dll
 0004:00000190       __imp__GetFileType@4       1001f190     kernel32:KERNEL32.dll
 0004:00000194       __imp__GetStartupInfoA@4   1001f194     kernel32:KERNEL32.dll
 0004:00000198       __imp__DeleteCriticalSection@4 1001f198     kernel32:KERNEL32.dll
 0004:0000019c       __imp__IsBadWritePtr@8     1001f19c     kernel32:KERNEL32.dll
 0004:000001a0       __imp__IsBadReadPtr@8      1001f1a0     kernel32:KERNEL32.dll
 0004:000001a4       __imp__HeapValidate@12     1001f1a4     kernel32:KERNEL32.dll
 0004:000001a8       __imp__GetModuleFileNameA@12 1001f1a8     kernel32:KERNEL32.dll
 0004:000001ac       __imp__FreeEnvironmentStringsA@4 1001f1ac     kernel32:KERNEL32.dll
 0004:000001b0       __imp__FreeEnvironmentStringsW@4 1001f1b0     kernel32:KERNEL32.dll
 0004:000001b4       __imp__WideCharToMultiByte@32 1001f1b4     kernel32:KERNEL32.dll
 0004:000001b8       __imp__GetEnvironmentStrings@0 1001f1b8     kernel32:KERNEL32.dll
 0004:000001bc       __imp__GetEnvironmentStringsW@0 1001f1bc     kernel32:KERNEL32.dll
 0004:000001c0       __imp__GetModuleHandleA@4  1001f1c0     kernel32:KERNEL32.dll
 0004:000001c4       __imp__GetEnvironmentVariableA@12 1001f1c4     kernel32:KERNEL32.dll
 0004:000001c8       __imp__GetVersionExA@4     1001f1c8     kernel32:KERNEL32.dll
 0004:000001cc       __imp__HeapDestroy@4       1001f1cc     kernel32:KERNEL32.dll
 0004:000001d0       __imp__HeapCreate@12       1001f1d0     kernel32:KERNEL32.dll
 0004:000001d4       __imp__HeapFree@12         1001f1d4     kernel32:KERNEL32.dll
 0004:000001d8       __imp__VirtualFree@12      1001f1d8     kernel32:KERNEL32.dll
 0004:000001dc       __imp__WriteFile@20        1001f1dc     kernel32:KERNEL32.dll
 0004:000001e0       __imp__InitializeCriticalSection@4 1001f1e0     kernel32:KERNEL32.dll
 0004:000001e4       __imp__EnterCriticalSection@4 1001f1e4     kernel32:KERNEL32.dll
 0004:000001e8       __imp__LeaveCriticalSection@4 1001f1e8     kernel32:KERNEL32.dll
 0004:000001ec       __imp__FatalAppExitA@8     1001f1ec     kernel32:KERNEL32.dll
 0004:000001f0       __imp__UnhandledExceptionFilter@4 1001f1f0     kernel32:KERNEL32.dll
 0004:000001f4       __imp__RtlUnwind@16        1001f1f4     kernel32:KERNEL32.dll
 0004:000001f8       __imp__HeapAlloc@12        1001f1f8     kernel32:KERNEL32.dll
 0004:000001fc       __imp__DebugBreak@0        1001f1fc     kernel32:KERNEL32.dll
 0004:00000200       __imp__InterlockedDecrement@4 1001f200     kernel32:KERNEL32.dll
 0004:00000204       __imp__OutputDebugStringA@4 1001f204     kernel32:KERNEL32.dll
 0004:00000208       __imp__GetProcAddress@8    1001f208     kernel32:KERNEL32.dll
 0004:0000020c       __imp__LoadLibraryA@4      1001f20c     kernel32:KERNEL32.dll
 0004:00000210       __imp__InterlockedIncrement@4 1001f210     kernel32:KERNEL32.dll
 0004:00000214       __imp__HeapReAlloc@16      1001f214     kernel32:KERNEL32.dll
 0004:00000218       __imp__VirtualAlloc@16     1001f218     kernel32:KERNEL32.dll
 0004:0000021c       __imp__GetCPInfo@8         1001f21c     kernel32:KERNEL32.dll
 0004:00000220       __imp__GetACP@0            1001f220     kernel32:KERNEL32.dll
 0004:00000224       __imp__GetOEMCP@0          1001f224     kernel32:KERNEL32.dll
 0004:00000228       __imp__SetConsoleCtrlHandler@8 1001f228     kernel32:KERNEL32.dll
 0004:0000022c       __imp__MultiByteToWideChar@24 1001f22c     kernel32:KERNEL32.dll
 0004:00000230       __imp__GetStringTypeA@20   1001f230     kernel32:KERNEL32.dll
 0004:00000234       __imp__GetStringTypeW@16   1001f234     kernel32:KERNEL32.dll
 0004:00000238       __imp__LCMapStringA@24     1001f238     kernel32:KERNEL32.dll
 0004:0000023c       __imp__LCMapStringW@24     1001f23c     kernel32:KERNEL32.dll
 0004:00000240       __imp__SetFilePointer@16   1001f240     kernel32:KERNEL32.dll
 0004:00000244       __imp__Sleep@4             1001f244     kernel32:KERNEL32.dll
 0004:00000248       __imp__SetStdHandle@8      1001f248     kernel32:KERNEL32.dll
 0004:0000024c       __imp__IsValidLocale@8     1001f24c     kernel32:KERNEL32.dll
 0004:00000250       __imp__IsValidCodePage@4   1001f250     kernel32:KERNEL32.dll
 0004:00000254       __imp__GetLocaleInfoA@16   1001f254     kernel32:KERNEL32.dll
 0004:00000258       __imp__EnumSystemLocalesA@8 1001f258     kernel32:KERNEL32.dll
 0004:0000025c       __imp__GetUserDefaultLCID@0 1001f25c     kernel32:KERNEL32.dll
 0004:00000260       __imp__FlushFileBuffers@4  1001f260     kernel32:KERNEL32.dll
 0004:00000264       __imp__CloseHandle@4       1001f264     kernel32:KERNEL32.dll
 0004:00000268       __imp__GetTimeZoneInformation@4 1001f268     kernel32:KERNEL32.dll
 0004:0000026c       __imp__GetLocaleInfoW@16   1001f26c     kernel32:KERNEL32.dll
 0004:00000270       __imp__CompareStringA@24   1001f270     kernel32:KERNEL32.dll
 0004:00000274       __imp__CompareStringW@24   1001f274     kernel32:KERNEL32.dll
 0004:00000278       __imp__SetEnvironmentVariableA@8 1001f278     kernel32:KERNEL32.dll
 0004:0000027c       \177KERNEL32_NULL_THUNK_DATA 1001f27c     kernel32:KERNEL32.dll

 entry point at        0001:000020b0

 Static symbols

 0001:00015a90       _findenv                   10016a90 f   LIBCMTD:setenv.obj
 0001:00015b10       _copy_environ              10016b10 f   LIBCMTD:setenv.obj
 0001:00015760       _strncnt                   10016760 f   LIBCMTD:a_cmp.obj
 0001:00015139       hard                       10016139 f   LIBCMTD:llmul.obj
 0001:00014310       __tzset_lk                 10015310 f   LIBCMTD:tzset.obj
 0001:000146f0       __isindst_lk               100156f0 f   LIBCMTD:tzset.obj
 0001:000149f0       _cvtdate                   100159f0 f   LIBCMTD:tzset.obj
 0001:00013dac       lupe                       10014dac f   LIBCMTD:strnicmp.obj
 0001:00013dc4       skip1                      10014dc4 f   LIBCMTD:strnicmp.obj
 0001:00013dce       skip2                      10014dce f   LIBCMTD:strnicmp.obj
 0001:00013dd5       eject                      10014dd5 f   LIBCMTD:strnicmp.obj
 0001:00013ddf       differ                     10014ddf f   LIBCMTD:strnicmp.obj
 0001:00013df1       notclocale                 10014df1 f   LIBCMTD:strnicmp.obj
 0001:00013e05       do_lock                    10014e05 f   LIBCMTD:strnicmp.obj
 0001:00013e1e       end_lock                   10014e1e f   LIBCMTD:strnicmp.obj
 0001:00013e24       lupe2                      10014e24 f   LIBCMTD:strnicmp.obj
 0001:00013e4f       eject2                     10014e4f f   LIBCMTD:strnicmp.obj
 0001:00013e55       differ2                    10014e55 f   LIBCMTD:strnicmp.obj
 0001:00013e5e       toend2                     10014e5e f   LIBCMTD:strnicmp.obj
 0001:00013e6c       do_unlock                  10014e6c f   LIBCMTD:strnicmp.obj
 0001:00013e7a       end_unlock                 10014e7a f   LIBCMTD:strnicmp.obj
 0001:00013e7a       toend                      10014e7a f   LIBCMTD:strnicmp.obj
 0001:00013ccc       chk_null                   10014ccc f   LIBCMTD:stricmp.obj
 0001:00013cfe       done                       10014cfe f   LIBCMTD:stricmp.obj
 0001:00013d03       notclocale                 10014d03 f   LIBCMTD:stricmp.obj
 0001:00013d17       do_lock                    10014d17 f   LIBCMTD:stricmp.obj
 0001:00013d2c       end_lock                   10014d2c f   LIBCMTD:stricmp.obj
 0001:00013d34       chk_null2                  10014d34 f   LIBCMTD:stricmp.obj
 0001:00013d5f       done2                      10014d5f f   LIBCMTD:stricmp.obj
 0001:00013d6f       do_unlock                  10014d6f f   LIBCMTD:stricmp.obj
 0001:00013d79       end_unlock                 10014d79 f   LIBCMTD:stricmp.obj
 0001:00013d7b       doret                      10014d7b f   LIBCMTD:stricmp.obj
 0001:00012a10       __expandtime               10013a10 f   LIBCMTD:strftime.obj
 0001:00013030       __store_str                10014030 f   LIBCMTD:strftime.obj
 0001:00013080       __store_num                10014080 f   LIBCMTD:strftime.obj
 0001:00013130       __store_number             10014130 f   LIBCMTD:strftime.obj
[...]
 0001:000111fc       dopartial                  100121fc f   LIBCMTD:strcmp.obj
 0001:00011218       doword                     10012218 f   LIBCMTD:strcmp.obj
 0001:00010ad0       __get_lc_lconv             10011ad0 f   LIBCMTD:initmon.obj
 0001:00010ce0       _fix_grouping              10011ce0 f   LIBCMTD:initmon.obj
 0001:00010d60       __free_lc_lconv            10011d60 f   LIBCMTD:initmon.obj
 0001:00010920       _fix_grouping              10011920 f   LIBCMTD:initnum.obj
 0001:0000fdd0       __get_lc_time              10010dd0 f   LIBCMTD:inittime.obj
 0001:00010360       __free_lc_time             10011360 f   LIBCMTD:inittime.obj
 0001:0000fba0       _flsall                    10010ba0 f   LIBCMTD:fflush.obj
 0001:0000ed20       __setlocale_set_cat        1000fd20 f   LIBCMTD:setlocal.obj
 0001:0000eec0       __setlocale_get_all        1000fec0 f   LIBCMTD:setlocal.obj
 0001:0000e011       L1                         1000f011 f   LIBCMTD:ullrem.obj
 0001:0000e01f       L3                         1000f01f f   LIBCMTD:ullrem.obj
 0001:0000e04a       L4                         1000f04a f   LIBCMTD:ullrem.obj
 0001:0000e052       L5                         1000f052 f   LIBCMTD:ullrem.obj
 0001:0000e061       L2                         1000f061 f   LIBCMTD:ullrem.obj
 0001:0000dfa2       L1                         1000efa2 f   LIBCMTD:ulldiv.obj
 0001:0000dfb0       L3                         1000efb0 f   LIBCMTD:ulldiv.obj
 0001:0000dfde       L4                         1000efde f   LIBCMTD:ulldiv.obj
 0001:0000dfdf       L5                         1000efdf f   LIBCMTD:ulldiv.obj
 0001:0000dfe3       L2                         1000efe3 f   LIBCMTD:ulldiv.obj
 0001:0000dd50       _strncnt                   1000ed50 f   LIBCMTD:a_map.obj
 0001:0000d710       _write_char                1000e710 f   LIBCMTD:output.obj
 0001:0000d790       _write_multi_char          1000e790 f   LIBCMTD:output.obj
 0001:0000d7d0       _write_string              1000e7d0 f   LIBCMTD:output.obj
 0001:0000d820       _get_int_arg               1000e820 f   LIBCMTD:output.obj
 0001:0000d840       _get_int64_arg             1000e840 f   LIBCMTD:output.obj
 0001:0000d860       _get_short_arg             1000e860 f   LIBCMTD:output.obj
 0001:0000c400       LeadUp1                    1000d400 f   LIBCMTD:memmove.obj
 0001:0000c42c       LeadUp2                    1000d42c f   LIBCMTD:memmove.obj
 0001:0000c450       LeadUp3                    1000d450 f   LIBCMTD:memmove.obj
 0001:0000c4cf       UnwindUp0                  1000d4cf f   LIBCMTD:memmove.obj
 0001:0000c4bc       UnwindUp1                  1000d4bc f   LIBCMTD:memmove.obj
 0001:0000c4b4       UnwindUp2                  1000d4b4 f   LIBCMTD:memmove.obj
 0001:0000c4ac       UnwindUp3                  1000d4ac f   LIBCMTD:memmove.obj
 0001:0000c4a4       UnwindUp4                  1000d4a4 f   LIBCMTD:memmove.obj
 0001:0000c49c       UnwindUp5                  1000d49c f   LIBCMTD:memmove.obj
 0001:0000c494       UnwindUp6                  1000d494 f   LIBCMTD:memmove.obj
 0001:0000c48c       UnwindUp7                  1000d48c f   LIBCMTD:memmove.obj
 0001:0000c4e8       TrailUp0                   1000d4e8 f   LIBCMTD:memmove.obj
 0001:0000c4f0       TrailUp1                   1000d4f0 f   LIBCMTD:memmove.obj
 0001:0000c4fc       TrailUp2                   1000d4fc f   LIBCMTD:memmove.obj
 0001:0000c510       TrailUp3                   1000d510 f   LIBCMTD:memmove.obj
 0001:0000c588       LeadDown1                  1000d588 f   LIBCMTD:memmove.obj
 0001:0000c5a8       LeadDown2                  1000d5a8 f   LIBCMTD:memmove.obj
 0001:0000c5d0       LeadDown3                  1000d5d0 f   LIBCMTD:memmove.obj
 0001:0000c624       UnwindDown7                1000d624 f   LIBCMTD:memmove.obj
 0001:0000c62c       UnwindDown6                1000d62c f   LIBCMTD:memmove.obj
 0001:0000c634       UnwindDown5                1000d634 f   LIBCMTD:memmove.obj
 0001:0000c63c       UnwindDown4                1000d63c f   LIBCMTD:memmove.obj
 0001:0000c644       UnwindDown3                1000d644 f   LIBCMTD:memmove.obj
 0001:0000c64c       UnwindDown2                1000d64c f   LIBCMTD:memmove.obj
 0001:0000c654       UnwindDown1                1000d654 f   LIBCMTD:memmove.obj
 0001:0000c667       UnwindDown0                1000d667 f   LIBCMTD:memmove.obj
 0001:0000c680       TrailDown0                 1000d680 f   LIBCMTD:memmove.obj
 0001:0000c688       TrailDown1                 1000d688 f   LIBCMTD:memmove.obj
 0001:0000c698       TrailDown2                 1000d698 f   LIBCMTD:memmove.obj
 0001:0000c6ac       TrailDown3                 1000d6ac f   LIBCMTD:memmove.obj
 0001:0000c3b0       CopyUp                     1000d3b0 f   LIBCMTD:memmove.obj
 0001:0000c3cc       CopyLeadUp                 1000d3cc f   LIBCMTD:memmove.obj
 0001:0000c3e4       ByteCopyUp                 1000d3e4 f   LIBCMTD:memmove.obj
 0001:0000c3ec       CopyUnwindUp               1000d3ec f   LIBCMTD:memmove.obj
 0001:0000c528       CopyDown                   1000d528 f   LIBCMTD:memmove.obj
 0001:0000c550       CopyUnwindDown             1000d550 f   LIBCMTD:memmove.obj
 0001:0000c55c       CopyLeadDown               1000d55c f   LIBCMTD:memmove.obj
 0001:0000c574       ByteCopyDown               1000d574 f   LIBCMTD:memmove.obj
 0001:0000bf70       _ctrlevent_capture@4       1000cf70 f   LIBCMTD:winsig.obj
 0001:0000c250       _siglookup                 1000d250 f   LIBCMTD:winsig.obj
 0001:0000b8a0       _xtoa                      1000c8a0 f   LIBCMTD:xtoa.obj
 0001:0000ba20       _x64toa@20                 1000ca20 f   LIBCMTD:xtoa.obj
 0001:0000b774       src_misaligned             1000c774 f   LIBCMTD:strncpy.obj
 0001:0000b790       tail_loop_start            1000c790 f   LIBCMTD:strncpy.obj
 0001:0000b795       copy_tail_loop             1000c795 f   LIBCMTD:strncpy.obj
 0001:0000b7a2       fill_tail_end1             1000c7a2 f   LIBCMTD:strncpy.obj
 0001:0000b7aa       align_dest                 1000c7aa f   LIBCMTD:strncpy.obj
 0001:0000b7b2       dest_align_loop            1000c7b2 f   LIBCMTD:strncpy.obj
 0001:0000b7c4       dest_align_loop_end        1000c7c4 f   LIBCMTD:strncpy.obj
 0001:0000b7cb       finish_loop                1000c7cb f   LIBCMTD:strncpy.obj
 0001:0000b7ce       fill_tail_zero_bytes       1000c7ce f   LIBCMTD:strncpy.obj
 0001:0000b7d3       finish                     1000c7d3 f   LIBCMTD:strncpy.obj
 0001:0000b7d9       main_loop                  1000c7d9 f   LIBCMTD:strncpy.obj
 0001:0000b7e1       main_loop_entrance         1000c7e1 f   LIBCMTD:strncpy.obj
 0001:0000b817       byte_2                     1000c817 f   LIBCMTD:strncpy.obj
 0001:0000b821       byte_1                     1000c821 f   LIBCMTD:strncpy.obj
 0001:0000b82b       byte_0                     1000c82b f   LIBCMTD:strncpy.obj
 0001:0000b82f       fill_with_EOS_dwords       1000c82f f   LIBCMTD:strncpy.obj
 0001:0000b837       fill_dwords_with_EOS       1000c837 f   LIBCMTD:strncpy.obj
 0001:0000b839       fill_with_EOS_loop         1000c839 f   LIBCMTD:strncpy.obj
 0001:0000b841       fill_tail                  1000c841 f   LIBCMTD:strncpy.obj
 0001:0000b846       fill_tail_end              1000c846 f   LIBCMTD:strncpy.obj
 0001:0000b660       _$$$00001                  1000c660 f   LIBCMTD:chkstk.obj
 0001:0000b66c       probepages                 1000c66c f   LIBCMTD:chkstk.obj
 0001:0000b680       lastpage                   1000c680 f   LIBCMTD:chkstk.obj
 0001:0000b63a       okay                       1000c63a f   LIBCMTD:strncmp.obj
 0001:0000b64d       firstbig                   1000c64d f   LIBCMTD:strncmp.obj
 0001:0000b64f       lastbig                    1000c64f f   LIBCMTD:strncmp.obj
 0001:0000b651       toend                      1000c651 f   LIBCMTD:strncmp.obj
 0001:0000b5b8       findnext                   1000c5b8 f   LIBCMTD:strstr.obj
 0001:0000b5c9       loop_start                 1000c5c9 f   LIBCMTD:strstr.obj
 0001:0000b5cc       in_loop                    1000c5cc f   LIBCMTD:strstr.obj
 0001:0000b5d4       not_found                  1000c5d4 f   LIBCMTD:strstr.obj
 0001:0000b5da       first_char_found           1000c5da f   LIBCMTD:strstr.obj
 0001:0000b5e1       two_first_chars_equal      1000c5e1 f   LIBCMTD:strstr.obj
 0001:0000b5e4       compare_loop               1000c5e4 f   LIBCMTD:strstr.obj
 0001:0000b607       strchr_call                1000c607 f   LIBCMTD:strstr.obj
 0001:0000b613       match                      1000c613 f   LIBCMTD:strstr.obj
 0001:0000b61a       empty_str2                 1000c61a f   LIBCMTD:strstr.obj
 0001:0000b4d0       _$$$00001                  1000c4d0 f   LIBCMTD:strchr.obj
 0001:0000b4f8       str_misaligned             1000c4f8 f   LIBCMTD:strchr.obj
 0001:0000b50b       main_loop_start            1000c50b f   LIBCMTD:strchr.obj
 0001:0000b516       main_loop                  1000c516 f   LIBCMTD:strchr.obj
 0001:0000b552       retnull                    1000c552 f   LIBCMTD:strchr.obj
 0001:0000b554       retnull_bx                 1000c554 f   LIBCMTD:strchr.obj
 0001:0000b558       chr_is_found               1000c558 f   LIBCMTD:strchr.obj
 0001:0000b580       byte_3                     1000c580 f   LIBCMTD:strchr.obj
 0001:0000b587       byte_2                     1000c587 f   LIBCMTD:strchr.obj
 0001:0000b58e       byte_1                     1000c58e f   LIBCMTD:strchr.obj
 0001:0000b595       byte_0                     1000c595 f   LIBCMTD:strchr.obj
 0001:0000b4d0       found_bx                   1000c4d0 f   LIBCMTD:strchr.obj
 0001:0000b170       _strtoxl                   1000c170 f   LIBCMTD:strtol.obj
 0001:0000ae80       LeadUp1                    1000be80 f   LIBCMTD:memcpy.obj
 0001:0000aeac       LeadUp2                    1000beac f   LIBCMTD:memcpy.obj
 0001:0000aed0       LeadUp3                    1000bed0 f   LIBCMTD:memcpy.obj
 0001:0000af4f       UnwindUp0                  1000bf4f f   LIBCMTD:memcpy.obj
 0001:0000af3c       UnwindUp1                  1000bf3c f   LIBCMTD:memcpy.obj
 0001:0000af34       UnwindUp2                  1000bf34 f   LIBCMTD:memcpy.obj
 0001:0000af2c       UnwindUp3                  1000bf2c f   LIBCMTD:memcpy.obj
 0001:0000af24       UnwindUp4                  1000bf24 f   LIBCMTD:memcpy.obj
 0001:0000af1c       UnwindUp5                  1000bf1c f   LIBCMTD:memcpy.obj
 0001:0000af14       UnwindUp6                  1000bf14 f   LIBCMTD:memcpy.obj
 0001:0000af0c       UnwindUp7                  1000bf0c f   LIBCMTD:memcpy.obj
 0001:0000af68       TrailUp0                   1000bf68 f   LIBCMTD:memcpy.obj
 0001:0000af70       TrailUp1                   1000bf70 f   LIBCMTD:memcpy.obj
 0001:0000af7c       TrailUp2                   1000bf7c f   LIBCMTD:memcpy.obj
 0001:0000af90       TrailUp3                   1000bf90 f   LIBCMTD:memcpy.obj
 0001:0000b008       LeadDown1                  1000c008 f   LIBCMTD:memcpy.obj
 0001:0000b028       LeadDown2                  1000c028 f   LIBCMTD:memcpy.obj
 0001:0000b050       LeadDown3                  1000c050 f   LIBCMTD:memcpy.obj
 0001:0000b0a4       UnwindDown7                1000c0a4 f   LIBCMTD:memcpy.obj
 0001:0000b0ac       UnwindDown6                1000c0ac f   LIBCMTD:memcpy.obj
 0001:0000b0b4       UnwindDown5                1000c0b4 f   LIBCMTD:memcpy.obj
 0001:0000b0bc       UnwindDown4                1000c0bc f   LIBCMTD:memcpy.obj
 0001:0000b0c4       UnwindDown3                1000c0c4 f   LIBCMTD:memcpy.obj
 0001:0000b0cc       UnwindDown2                1000c0cc f   LIBCMTD:memcpy.obj
 0001:0000b0d4       UnwindDown1                1000c0d4 f   LIBCMTD:memcpy.obj
 0001:0000b0e7       UnwindDown0                1000c0e7 f   LIBCMTD:memcpy.obj
 0001:0000b100       TrailDown0                 1000c100 f   LIBCMTD:memcpy.obj
 0001:0000b108       TrailDown1                 1000c108 f   LIBCMTD:memcpy.obj
 0001:0000b118       TrailDown2                 1000c118 f   LIBCMTD:memcpy.obj
 0001:0000b12c       TrailDown3                 1000c12c f   LIBCMTD:memcpy.obj
 0001:0000ae30       CopyUp                     1000be30 f   LIBCMTD:memcpy.obj
 0001:0000ae4c       CopyLeadUp                 1000be4c f   LIBCMTD:memcpy.obj
 0001:0000ae64       ByteCopyUp                 1000be64 f   LIBCMTD:memcpy.obj
 0001:0000ae6c       CopyUnwindUp               1000be6c f   LIBCMTD:memcpy.obj
 0001:0000afa8       CopyDown                   1000bfa8 f   LIBCMTD:memcpy.obj
 0001:0000afd0       CopyUnwindDown             1000bfd0 f   LIBCMTD:memcpy.obj
 0001:0000afdc       CopyLeadDown               1000bfdc f   LIBCMTD:memcpy.obj
 0001:0000aff4       ByteCopyDown               1000bff4 f   LIBCMTD:memcpy.obj
 0001:0000a950       _getSystemCP               1000b950 f   LIBCMTD:mbctype.obj
 0001:0000a9b0       _CPtoLCID                  1000b9b0 f   LIBCMTD:mbctype.obj
 0001:0000aa30       _setSBCS                   1000ba30 f   LIBCMTD:mbctype.obj
 0001:0000aab0       _setSBUpLow                1000bab0 f   LIBCMTD:mbctype.obj
 0001:0000a58c       str_misaligned             1000b58c f   LIBCMTD:strlen.obj
 0001:0000a5a0       main_loop                  1000b5a0 f   LIBCMTD:strlen.obj
 0001:0000a5d3       byte_3                     1000b5d3 f   LIBCMTD:strlen.obj
 0001:0000a5dd       byte_2                     1000b5dd f   LIBCMTD:strlen.obj
 0001:0000a5e7       byte_1                     1000b5e7 f   LIBCMTD:strlen.obj
 0001:0000a5f1       byte_0                     1000b5f1 f   LIBCMTD:strlen.obj
 0001:0000a4ad       dest_misaligned            1000b4ad f   LIBCMTD:strcat.obj
 0001:0000a4bc       find_end_of_dest_string_loop 1000b4bc f   LIBCMTD:strcat.obj
 0001:0000a4ef       start_byte_3               1000b4ef f   LIBCMTD:strcat.obj
 0001:0000a4f4       start_byte_2               1000b4f4 f   LIBCMTD:strcat.obj
 0001:0000a4f9       start_byte_1               1000b4f9 f   LIBCMTD:strcat.obj
 0001:0000a4fe       start_byte_0               1000b4fe f   LIBCMTD:strcat.obj
 0001:0000a50d       src_misaligned             1000b50d f   LIBCMTD:strcat.obj
 0001:0000a521       main_loop                  1000b521 f   LIBCMTD:strcat.obj
 0001:0000a526       main_loop_entrance         1000b526 f   LIBCMTD:strcat.obj
 0001:0000a55a       byte_3                     1000b55a f   LIBCMTD:strcat.obj
 0001:0000a562       byte_2                     1000b562 f   LIBCMTD:strcat.obj
 0001:0000a56f       byte_1                     1000b56f f   LIBCMTD:strcat.obj
 0001:0000a578       byte_0                     1000b578 f   LIBCMTD:strcat.obj
 0001:0000a501       copy_start                 1000b501 f   LIBCMTD:strcat.obj
 0001:000069b0       _CrtMessageWindow          100079b0 f   LIBCMTD:dbgrpt.obj
 0001:000062f3       adjust_loop                100072f3 f   LIBCMTD:memset.obj
 0001:000062f9       dwords                     100072f9 f   LIBCMTD:memset.obj
 0001:00006313       main_loop_tail             10007313 f   LIBCMTD:memset.obj
 0001:00006317       tail                       10007317 f   LIBCMTD:memset.obj
 0001:0000631d       finish                     1000731d f   LIBCMTD:memset.obj
 0001:00006323       toend                      10007323 f   LIBCMTD:memset.obj
 0001:00006118       _gu_return                 10007118 f   LIBCMTD:exsup.obj
 0001:00006120       __unwind_handler           10007120 f   LIBCMTD:exsup.obj
 0001:00006030       _xcptlookup                10007030 f   LIBCMTD:winxfltr.obj
 0001:00004fe0       _parse_cmdline             10005fe0 f   LIBCMTD:stdargv.obj
 0001:00003020       _realloc_help              10004020 f   LIBCMTD:dbgheap.obj
 0001:00003d70       _CheckBytes                10004d70 f   LIBCMTD:dbgheap.obj
 0001:00004b40       __printMemBlockData        10005b40 f   LIBCMTD:dbgheap.obj
 0001:000022b0       _doexit                    100032b0 f   LIBCMTD:crt0dat.obj
 0001:000023c0       __initterm                 100033c0 f   LIBCMTD:crt0dat.obj

FIXUPS: 33b6 fffffbd5 5e 9 17 a 5 5 5 3d 7 f 5 5 5 15 75 1e 1e 1d 68 9
FIXUPS: 36b8 13 e8 29a fffff9a8 2a 2e 37 81 2a 21 62 1a 1a 1a 1a 1a 1d
FIXUPS: 365f fffffbae 12 1d 20 1e 20 1b 77 12 13 19 b 31 2092 15 54 78
FIXUPS: 559c 1b f3 41 5a 128 21 a1 20 31 28 4f 3a 31 18 45 18 1d 1b 98
FIXUPS: 5c10 2a 34 39 16 7c 2a 28 ffffedaa 1f 62 51 2d 62 13 5a 2d a2 6a
FIXUPS: 4e4b 51 2b 28 28 28 ac 2b 32 2b 39 20 49 33 30 9c 5c 8f 23 1c 59
FIXUPS: 4553 43 25 1b 34 20 3c 17 18 2f 1c 50 1d 1f 62 34 3b 2b 3b 45 2b
FIXUPS: 491f 41 6b 56 36 c 2b 1c 46 1c 16 fffff158 5f 54 21 128 1e 1b 34
FIXUPS: 3f21 52 43 25 1b 51 21 1b 1c 6b 28 32 4f 18 1f 5b 66 25 25 b3 19
FIXUPS: 441a 5f 54 2420 18 28 fffffbd7 4a 94 2b fffff903 56 1e 13 22 fffffe07
FIXUPS: 5df6 28 1f 29 26 17 12 1c ffffdbb4 36 27 34 1f 1b 1e 30 2f 1c 69
FIXUPS: 72a0 25 fffffe4f ffffff83 1b fffffdc5 13 fffffec6 60 13 a 34 a
FIXUPS: 6a74 1c 77 3a 59 15 17 1d 14 13 14 1a 19 fffffa48 b6 7f 24 62 38
FIXUPS: 7849 18 7a 63 34 47 1e d 2f 15 11 1d 21 14 26 19d 18 19 19 a fffff69d
FIXUPS: 7369 29 58 13 1b 51 16 1b fffffdb9 d 11 e12 18 5d 58 1b 37 1b 40
FIXUPS: 8211 59 14 34 24 6b fffff9bf 13 2f 22 6d 1b 36 1e 1d fffff7cc 10b
FIXUPS: 775e 18 38 16 2b 14 2e 3070 9e a3 102 119 ffffd8f9 f 20 16 f 20
FIXUPS: 8592 b 37 fffffdd6 13 19 18 32 1b 1d 18 fffffa94 17 2f 13 30 18
FIXUPS: 7fe4 c 13 70 35ba 15 5 7 114 43 7 10a 4a 7 15 5 7 e 267 35 35 1e8
FIXUPS: b469 fffffe93 2a 45 4b ffffd2dd 23 3c 6ef 192 19 de0 7e5 236 297e
FIXUPS: d122 a 96 f2 10 fffff9a2 2a 44 4b fffffe4d 2a 44 4b fffffc49 18
FIXUPS: c9a1 21 4b 5d 17 b5 fffffad9 fffffb53 48 141 52 35 d1 7f fffff147
FIXUPS: b615 319b 53 ffffeeed 108 10 3e 54 4d 28 fffff9c6 31 21 1f d 21
FIXUPS: d384 fffff9f3 43 9 82 24 27 2a 17 58 50 44 1d 16 c4 13 28 18a8
FIXUPS: e9b4 fffff099 34 24 cb 67 133 18 21 34 30 a8 e2 d5 ce b9 31 1e
FIXUPS: e206 1b 131 25 123 1e 30 75 32 22 26 14 170 1026 44 2c fffffcfd
FIXUPS: f525 fffffccd b 14 14 f 6d 1a2 b 10 3e b fffffbfb b 14 14 f 27
FIXUPS: f11c 4c fffffc91 1c 13 6d a7 fffffb99 98 f6 133c 9b 19 1b 26 2e
FIXUPS: 100dd 14 19 19 11 67 27 40 2a 45 2e 33 4a 25 2b fffff4cc 21 13
FIXUPS: f8bc 5e fffffd07 35 18 a6 10 31 1195 fffff065 43 8c 48 51 19 2f
FIXUPS: fb2c 39 21 5a 38 47 17 31 11 1a 22 10 43 26 c 47 1b 40 50 31 4c
FIXUPS: ff36 1a 25 b3b 78 6e 21 68 33 40 25 f fffffc9a 5c 41 1f fffff975
FIXUPS: 10413 2f 83 7d 11 b8 b d6 b 65 b 7c 30 e b 18 32 45 bdd 11 11 11
FIXUPS: 114dc 11 11 11 11 11 11 11 11 11 11 14 14 14 14 14 14 14 14 14
FIXUPS: 1164e 14 fffff684 fffffd57 e c f 22 6eb 1f 1f 1f 22 22 22 22 22
FIXUPS: 1129c 22 22 22 22 25 2f 11 11 11 11 11 10 11 11 11 11 11 11 11
FIXUPS: 11465 11 11 fffff8e6 11 25 11 5e 1f 1f 1f 1f 1f 1c 1f 1f 1f 1f
FIXUPS: 10f64 1f 1f 1f 1f 1f 1f 1f 1f 1f 1f 1f 1f 1f 1f 1f 1f b16 1f 1f
FIXUPS: 11cc7 bd 11 11 11 11 11 11 fffff8b9 1d 1d 17 16 11 11 46 13 14
FIXUPS: 117f4 11 10 34 30 16 3b fffff448 1f 10 e 1263 65 a6 22 17 e 15
FIXUPS: 12127 e e 2b 11 fffff840 1f 10 e 4c 11 4f 11 4d 1f 1f 1f 1f 17
FIXUPS: 11bb0 1f 1f 1f 1f 1f a7f 62 28 2b 83 59 16 74 12 54 2f 51 55 1b
FIXUPS: 12a8d 12 4b 51 52 10 93 3d 33 a3 1a 11 198 ffffef3a 1f 19 19 19
FIXUPS: 14667 ffffeb7b 17 2e 2d a 16 fffffe11 31 c f 4c 27 f f 27 fffff147
FIXUPS: 122f9 34 35 3e 7 1c 7 1f c7 51 5a 1d 39 6a 55 123e a1 8d 7d 23
FIXUPS: 13a9f 23 3a 51 24 51 2a 28 45 2d 2d 28 28 1c 29 41 84 3a 24 31
FIXUPS: 13ed2 50 a 21 154 31c 20 fffff09e 9 2e 9 6e 15 37 15 1e 14 1c 1c
FIXUPS: 13610 1b 36 3a 9 2e 9 48 9 2e 9 2e 9 2c 9 2c 9 2c 9 3d 159b 25
FIXUPS: 14e40 31 fffffeb0 24 a 23 fffffdca 1b 76 be fffffb61 33 2c 32 20
FIXUPS: 148cb 14 1b 43 6f ffffe91d 15 1b 50 9 2e 9 71 15 1b 2158 5b 52
FIXUPS: 1569b 2c c d b0 53 66 53 25 23 fffff949 3a fffffeab b 14 c f 1e
FIXUPS: 15185 c 10 29 2d fffffcb3 85 69 33 8c 34 10dc c d 3e 29 19 2c fffffd6d
FIXUPS: 15fb5 13 6d a7 fffffd9a fffffe5e fffff5eb 11 14 12 8 7 1b 2b 17
FIXUPS: 154b2 e 15 18 c 18 17 a 15 16cf f 58 28 29 fffffaf6 45 29 3a 40
FIXUPS: 168ea 33 4b 59 5a c 19 42 3c a7 19 28 c 21 fffff822 19 d9 13f 9e
FIXUPS: 16300 43 ffffff4b
